step 0 for frontier-38-owner-30: 30 A/B pair(s) -> 30 batch(es), cap 1

  batch 1: normal-varieties-normalization-and-zariskis-main-theorem, normal-varieties-normalization-and-zariskis-main-theorem-examples
  batch 2: blowups-exceptional-divisors-and-strict-transforms, blowups-exceptional-divisors-and-strict-transforms-examples
  batch 3: the-heat-kernel-and-the-cauchy-problem, the-heat-kernel-and-the-cauchy-problem-examples
  batch 4: sobolev-traces-and-zero-boundary-values, sobolev-traces-and-zero-boundary-values-examples
  batch 5: calderon-zygmund-decomposition-and-singular-integrals, calderon-zygmund-decomposition-and-singular-integrals-examples
  batch 6: fourier-restriction-and-the-stein-tomas-theorem, fourier-restriction-and-the-stein-tomas-theorem-examples
  batch 7: projectives-standard-filtrations-and-bgg-reciprocity, projectives-standard-filtrations-and-bgg-reciprocity-examples
  batch 8: the-bgg-resolution, the-bgg-resolution-examples
  batch 9: the-hook-length-formula-and-rsk-correspondence, the-hook-length-formula-and-rsk-correspondence-examples
  batch 10: character-groups-and-elementary-lca-duals, character-groups-and-elementary-lca-duals-examples
  batch 11: peter-weyl-theory-for-general-compact-groups, peter-weyl-theory-for-general-compact-groups-examples
  batch 12: oriented-and-mod-two-intersection-numbers, oriented-and-mod-two-intersection-numbers-examples
  batch 13: smooth-cobordism-relations-groups-and-rings, smooth-cobordism-relations-groups-and-rings-examples
  batch 14: thom-spaces-normal-data-and-collapse-maps, thom-spaces-normal-data-and-collapse-maps-examples
  batch 15: the-artin-action-on-a-free-group, the-artin-action-on-a-free-group-examples
  batch 16: lawrence-krammer-bigelow-and-linearity, lawrence-krammer-bigelow-and-linearity-examples
  batch 17: oriented-links-braid-closures-and-markov-equivalence, oriented-links-braid-closures-and-markov-equivalence-examples
  batch 18: frobenius-characteristic-and-the-symmetric-group-character-dictionary, frobenius-characteristic-and-the-symmetric-group-character-dictionary-examples
  batch 19: jucys-murphy-elements-and-seminormal-forms, jucys-murphy-elements-and-seminormal-forms-examples
  batch 20: analytic-hardy-spaces-and-canonical-factorisation, analytic-hardy-spaces-and-canonical-factorisation-examples
  batch 21: level-one-modular-forms-and-the-j-invariant, level-one-modular-forms-and-the-j-invariant-examples
  batch 22: group-schemes-of-finite-type-over-a-field, group-schemes-of-finite-type-over-a-field-examples
  batch 23: classical-complex-algebraic-actions-and-affine-embeddings, classical-complex-algebraic-actions-and-affine-embeddings-examples
  batch 24: nonaffine-algebraic-groups-barsotti-chevalley-and-abelian-varieties, nonaffine-algebraic-groups-barsotti-chevalley-and-abelian-varieties-examples
  batch 25: groups-of-multiplicative-type-and-arithmetic-tori, groups-of-multiplicative-type-and-arithmetic-tori-examples
  batch 26: intersection-products-on-smooth-projective-surfaces, intersection-products-on-smooth-projective-surfaces-examples
  batch 27: point-blowup-resolution-on-arbitrary-regular-surfaces, point-blowup-resolution-on-arbitrary-regular-surfaces-examples
  batch 28: coherent-duality-on-projective-cohen-macaulay-schemes, coherent-duality-on-projective-cohen-macaulay-schemes-examples
  batch 29: hilbert-functors-and-projective-hilbert-schemes, hilbert-functors-and-projective-hilbert-schemes-examples
  batch 30: etale-covers-and-the-etale-fundamental-group, etale-covers-and-the-etale-fundamental-group-examples

wrote research/frontier-38-owner-30-drift-evidence.json
wrote research/frontier-38-owner-30-alpha-step1-drift.task.md  <- the drift review; stage 1 dispatches it as the `drift` unit

wrote research/frontier-38-owner-30-covers.json
  manifest-integrity: wrote research/frontier-38-owner-30-scope-ledger.json — 60 page(s) owed
    run-tasks: 62 file(s) written for frontier-38-owner-30
    research/frontier-38-owner-30-alpha-5a-adjudicate.task.md
    research/frontier-38-owner-30-alpha-5a-reader.task.md
    research/frontier-38-owner-30-alpha-5a-refuter.task.md
    research/frontier-38-owner-30-alpha-5b-edges.task.md
    research/frontier-38-owner-30-alpha-contract-audit.task.md
    research/frontier-38-owner-30-alpha-gate-adjudication.task.md
    research/frontier-38-owner-30-alpha-impact-close.task.md
    research/frontier-38-owner-30-alpha-pathway.task.md
    research/frontier-38-owner-30-alpha-receipts-repair.task.md
    research/frontier-38-owner-30-alpha-receipts.task.md
    research/frontier-38-owner-30-alpha-rework-certify.task.md
    research/frontier-38-owner-30-alpha-step1-drift.task.md
    research/frontier-38-owner-30-alpha-step4.task.md
    research/frontier-38-owner-30-alpha-step6-read.task.md
    research/frontier-38-owner-30-alpha-step7-close.task.md
    research/frontier-38-owner-30-alpha-step7-closure-recovery.task.md
    research/frontier-38-owner-30-alpha-step7-guard.task.md
    research/frontier-38-owner-30-alpha-step7-preflight.task.md
    research/frontier-38-owner-30-alpha-step7.task.md
    research/frontier-38-owner-30-alpha-step8-adjudicate.task.md
    research/frontier-38-owner-30-alpha-step8-gate-adjudication.task.md
    research/frontier-38-owner-30-alpha-step8.task.md
    research/frontier-38-owner-30-alpha-step9.task.md
    research/frontier-38-owner-30-beta-batch.task.md
    research/frontier-38-owner-30-beta-contract-rework.task.md
    research/frontier-38-owner-30-beta-fix.task.md
    research/frontier-38-owner-30-beta-reharvest.task.md
    research/frontier-38-owner-30-beta-scaffold-fix.task.md
    research/frontier-38-owner-30-beta-source-scout.task.md
    research/frontier-38-owner-30-final-adjudicator-step7.task.md
    research/frontier-38-owner-30-frontier-dependency-ledger.task.md
    research/frontier-38-owner-30-beta-1.task.md
    research/frontier-38-owner-30-beta-2.task.md
    research/frontier-38-owner-30-beta-3.task.md
    research/frontier-38-owner-30-beta-4.task.md
    research/frontier-38-owner-30-beta-5.task.md
    research/frontier-38-owner-30-beta-6.task.md
    research/frontier-38-owner-30-beta-7.task.md
    research/frontier-38-owner-30-beta-8.task.md
    research/frontier-38-owner-30-beta-9.task.md
    research/frontier-38-owner-30-beta-10.task.md
    research/frontier-38-owner-30-beta-11.task.md
    research/frontier-38-owner-30-beta-12.task.md
    research/frontier-38-owner-30-beta-13.task.md
    research/frontier-38-owner-30-beta-14.task.md
    research/frontier-38-owner-30-beta-15.task.md
    research/frontier-38-owner-30-beta-16.task.md
    research/frontier-38-owner-30-beta-17.task.md
    research/frontier-38-owner-30-beta-18.task.md
    research/frontier-38-owner-30-beta-19.task.md
    research/frontier-38-owner-30-beta-20.task.md
    research/frontier-38-owner-30-beta-21.task.md
    research/frontier-38-owner-30-beta-22.task.md
    research/frontier-38-owner-30-beta-23.task.md
    research/frontier-38-owner-30-beta-24.task.md
    research/frontier-38-owner-30-beta-25.task.md
    research/frontier-38-owner-30-beta-26.task.md
    research/frontier-38-owner-30-beta-27.task.md
    research/frontier-38-owner-30-beta-28.task.md
    research/frontier-38-owner-30-beta-29.task.md
    research/frontier-38-owner-30-beta-30.task.md
    research/frontier-38-owner-30-planning-notes.md
  
  every task path the stage table can reach now resolves.
  
Next: `autopilot doctor --run frontier-38-owner-30`, then `autopilot start --run frontier-38-owner-30 --detach`
    