[run 1/131] ex-the-ordinal-spaces-omega-plus-one-and-omega-one
[run 2/131] thm-monotone-convergence
[run 3/131] lem-alternating-sequence
[run 4/131] lem-peak-monotone-subsequence
[run 5/131] ex-the-cocountable-topology-in-the-separation-hierarchy
[run 6/131] lem-convergence-in-the-pointwise-topology
[run 7/131] ex-babylonian-sqrt-two
[run 8/131] thm-function-space-is-complete-for-a-complete-target
[FAIL 4/131] lem-peak-monotone-subsequence (121s) — 
[FAIL 6/131] lem-convergence-in-the-pointwise-topology (121s) — 
[FAIL 5/131] ex-the-cocountable-topology-in-the-separation-hierarchy (121s) — 
[run 9/131] fs-unique-sequential-limits-imply-hausdorff
[run 10/131] ex-contractive-sequence-fixed-point
[run 11/131] cex-strictly-decreasing-gaps-no-limit
[FAIL 8/131] thm-function-space-is-complete-for-a-complete-target (121s) — 
[run 12/131] cex-compact-convergence-without-uniform-convergence
[FAIL 11/131] cex-strictly-decreasing-gaps-no-limit (61s) — 
[FAIL 9/131] fs-unique-sequential-limits-imply-hausdorff (61s) — 
[run 13/131] lem-ordinal-order-topology-is-t3
[run 14/131] cex-the-deleted-tychonoff-plank-is-not-normal
[ok 2/131] thm-monotone-convergence (396s)
[run 15/131] thm-nested-interval-property
[ok 1/131] ex-the-ordinal-spaces-omega-plus-one-and-omega-one (537s)
[run 16/131] lem-geometric-sequence-null
[ok 7/131] ex-babylonian-sqrt-two (541s)
[run 17/131] thm-contractive-implies-cauchy
[ok 10/131] ex-contractive-sequence-fixed-point (439s)
[run 18/131] fs-lindelofness-is-productive
[ok 3/131] lem-alternating-sequence (617s)
[run 19/131] lem-uniform-convergence-in-the-uniform-metric
[ok 12/131] cex-compact-convergence-without-uniform-convergence (542s)
[run 20/131] thm-the-separation-implication-chain
[ok 14/131] cex-the-deleted-tychonoff-plank-is-not-normal (597s)
[run 21/131] ex-recursive-sqrt-two-plus-x
[ok 13/131] lem-ordinal-order-topology-is-t3 (605s)
[run 22/131] lem-uniform-metric-on-a-function-space
[ok 15/131] thm-nested-interval-property (513s)
[run 23/131] ex-the-compact-open-topology-on-the-continuous-functions-of-the-line
[ok 17/131] thm-contractive-implies-cauchy (457s)
[run 24/131] ex-the-discrete-and-indiscrete-extremes-of-the-hierarchy
[ok 20/131] thm-the-separation-implication-chain (341s)
[run 25/131] thm-compact-hausdorff-tychonoff-from-the-ultrafilter-lemma
[ok 16/131] lem-geometric-sequence-null (575s)
[run 26/131] thm-unordered-summability-of-real-families
[ok 19/131] lem-uniform-convergence-in-the-uniform-metric (497s)
[run 27/131] thm-bolzano-weierstrass
[ok 22/131] lem-uniform-metric-on-a-function-space (344s)
[run 28/131] thm-cauchy-criterion-via-lub
[FAIL 18/131] fs-lindelofness-is-productive (645s) — 
[run 29/131] lem-character-is-well-defined
[ok 21/131] ex-recursive-sqrt-two-plus-x (433s)
[run 30/131] cor-euclidean-compactness-equivalence-chart
[ok 23/131] ex-the-compact-open-topology-on-the-continuous-functions-of-the-line (409s)
[run 31/131] thm-radial-straight-line-map-on-punctured-rn
