[skip 1/131] thm-monotone-convergence — already complete
[skip 2/131] ex-the-ordinal-spaces-omega-plus-one-and-omega-one — already complete
[skip 3/131] lem-alternating-sequence — already complete
[skip 4/131] ex-babylonian-sqrt-two — already complete
[skip 5/131] ex-contractive-sequence-fixed-point — already complete
[skip 6/131] cex-compact-convergence-without-uniform-convergence — already complete
[skip 7/131] lem-ordinal-order-topology-is-t3 — already complete
[skip 8/131] cex-the-deleted-tychonoff-plank-is-not-normal — already complete
[skip 9/131] thm-nested-interval-property — already complete
[skip 10/131] lem-geometric-sequence-null — already complete
[skip 11/131] thm-contractive-implies-cauchy — already complete
[skip 12/131] lem-uniform-convergence-in-the-uniform-metric — already complete
[skip 13/131] thm-the-separation-implication-chain — already complete
[skip 14/131] ex-recursive-sqrt-two-plus-x — already complete
[skip 15/131] lem-uniform-metric-on-a-function-space — already complete
[skip 16/131] ex-the-compact-open-topology-on-the-continuous-functions-of-the-line — already complete
[run 17/131] lem-peak-monotone-subsequence
[run 18/131] lem-convergence-in-the-pointwise-topology
[run 19/131] fs-unique-sequential-limits-imply-hausdorff
[run 20/131] ex-the-discrete-and-indiscrete-extremes-of-the-hierarchy
[run 21/131] thm-function-space-is-complete-for-a-complete-target
[run 22/131] fs-lindelofness-is-productive
[run 23/131] ex-the-cocountable-topology-in-the-separation-hierarchy
[run 24/131] cex-strictly-decreasing-gaps-no-limit
[ok 23/131] ex-the-cocountable-topology-in-the-separation-hierarchy (326s)
[run 25/131] thm-compact-hausdorff-tychonoff-from-the-ultrafilter-lemma
[ok 20/131] ex-the-discrete-and-indiscrete-extremes-of-the-hierarchy (400s)
[run 26/131] thm-unordered-summability-of-real-families
[ok 18/131] lem-convergence-in-the-pointwise-topology (445s)
[run 27/131] thm-bolzano-weierstrass
[ok 21/131] thm-function-space-is-complete-for-a-complete-target (509s)
[run 28/131] thm-cauchy-criterion-via-lub
[ok 22/131] fs-lindelofness-is-productive (517s)
[run 29/131] lem-character-is-well-defined
[ok 24/131] cex-strictly-decreasing-gaps-no-limit (521s)
[run 30/131] cor-euclidean-compactness-equivalence-chart
[ok 17/131] lem-peak-monotone-subsequence (565s)
[run 31/131] thm-radial-straight-line-map-on-punctured-rn
[ok 19/131] fs-unique-sequential-limits-imply-hausdorff (572s)
[run 32/131] thm-compact-open-equals-compact-convergence
[ok 27/131] thm-bolzano-weierstrass (197s)
[run 33/131] thm-comparison-of-the-three-function-space-topologies
[FAIL 25/131] thm-compact-hausdorff-tychonoff-from-the-ultrafilter-lemma (391s) — 
[run 34/131] thm-uniform-limit-theorem
[FAIL 31/131] thm-radial-straight-line-map-on-punctured-rn (181s) — 
[run 35/131] thm-dini
[FAIL 29/131] lem-character-is-well-defined (241s) — 
[run 36/131] fs-the-compact-open-topology-is-always-metrizable
[FAIL 30/131] cor-euclidean-compactness-equivalence-chart (241s) — 
[run 37/131] fs-the-evaluation-map-is-always-continuous
[FAIL 33/131] thm-comparison-of-the-three-function-space-topologies (122s) — 
[run 38/131] lem-regularity-via-closed-neighbourhoods
[ok 28/131] thm-cauchy-criterion-via-lub (319s)
[run 39/131] lem-urysohn-sits-between-hausdorff-and-regular-plus-t1
[FAIL 36/131] fs-the-compact-open-topology-is-always-metrizable (181s) — 
[run 40/131] thm-metric-spaces-are-completely-normal
[FAIL 37/131] fs-the-evaluation-map-is-always-continuous (181s) — 
[run 41/131] thm-metric-spaces-are-tychonoff-and-perfectly-normal
[FAIL 35/131] thm-dini (241s) — 
[run 42/131] lem-the-k-topology-is-hausdorff-and-not-regular
[FAIL 26/131] thm-unordered-summability-of-real-families (589s) — 
[run 43/131] fs-every-t1-space-is-hausdorff
[ok 39/131] lem-urysohn-sits-between-hausdorff-and-regular-plus-t1 (265s)
[run 44/131] ex-sierpinski-space-is-t0-normal-and-not-regular
[ok 38/131] lem-regularity-via-closed-neighbourhoods (337s)
[run 45/131] ex-the-particular-point-topology-in-the-separation-hierarchy
[ok 32/131] thm-compact-open-equals-compact-convergence (546s)
[run 46/131] ex-the-cofinite-topology-in-the-separation-hierarchy
[ok 34/131] thm-uniform-limit-theorem (435s)
[run 47/131] ex-closed-subsets-of-the-line-as-zero-sets-and-g-delta-sets
[ok 43/131] fs-every-t1-space-is-hausdorff (268s)
[run 48/131] thm-compactness-via-nets-filters-and-ultrafilters
[ok 40/131] thm-metric-spaces-are-completely-normal (370s)
[run 49/131] cor-monotone-converges-iff-bounded
[ok 41/131] thm-metric-spaces-are-tychonoff-and-perfectly-normal (384s)
[run 50/131] lem-cauchy-sequence-bounded
[ok 42/131] lem-the-k-topology-is-hausdorff-and-not-regular (434s)
[run 51/131] lem-cauchy-with-convergent-subsequence
[ok 45/131] ex-the-particular-point-topology-in-the-separation-hierarchy (320s)
[run 52/131] fs-consecutive-differences-null-implies-cauchy
[ok 44/131] ex-sierpinski-space-is-t0-normal-and-not-regular (341s)
[run 53/131] fs-convergent-subsequence-implies-bounded
[ok 46/131] ex-the-cofinite-topology-in-the-separation-hierarchy (328s)
[run 54/131] ex-nested-intervals-single-point
[ok 49/131] cor-monotone-converges-iff-bounded (307s)
[run 55/131] ex-two-subsequential-limits
[ok 47/131] ex-closed-subsets-of-the-line-as-zero-sets-and-g-delta-sets (476s)
[run 56/131] cex-cauchy-rationals-no-rational-limit
[ok 50/131] lem-cauchy-sequence-bounded (370s)
[run 57/131] cor-cardinal-functions-detect-countability-axioms
[ok 48/131] thm-compactness-via-nets-filters-and-ultrafilters (443s)
[run 58/131] thm-metric-countability-equivalences
[ok 52/131] fs-consecutive-differences-null-implies-cauchy (586s)
[run 59/131] fs-separable-spaces-are-second-countable
[ok 51/131] lem-cauchy-with-convergent-subsequence (659s)
[run 60/131] lem-euclidean-polygonal-paths-are-continuous
[ok 56/131] cex-cauchy-rationals-no-rational-limit (617s)
[run 61/131] thm-evaluation-is-continuous-on-a-locally-compact-metric-domain
[ok 57/131] cor-cardinal-functions-detect-countability-axioms (663s)
[run 62/131] thm-the-exponential-law
[ok 58/131] thm-metric-countability-equivalences (815s)
[run 63/131] ex-the-moving-spike-family-in-the-three-topologies
[ok 60/131] lem-euclidean-polygonal-paths-are-continuous (441s)
[run 64/131] cex-pointwise-bounded-but-not-equicontinuous
[ok 54/131] ex-nested-intervals-single-point (1163s)
[run 65/131] cex-the-pointwise-limit-of-continuous-functions-need-not-be-continuous
[ok 61/131] thm-evaluation-is-continuous-on-a-locally-compact-metric-domain (670s)
[run 66/131] ex-dini-on-the-unit-interval
[ok 55/131] ex-two-subsequential-limits (1315s)
[run 67/131] thm-t1-iff-singletons-are-closed
[ok 63/131] ex-the-moving-spike-family-in-the-three-topologies (543s)
[run 68/131] lem-normality-via-shrinking
[ok 64/131] cex-pointwise-bounded-but-not-equicontinuous (802s)
[run 69/131] thm-t4-implies-t3
[ok 59/131] fs-separable-spaces-are-second-countable (1360s)
[run 70/131] ex-sequential-fan-is-frechet-urysohn-not-first-countable
[ok 66/131] ex-dini-on-the-unit-interval (453s)
[run 71/131] ex-arens-space-is-sequential-not-frechet-urysohn
[ok 53/131] fs-convergent-subsequence-implies-bounded (2019s)
[run 72/131] cex-nested-open-intervals-empty
[ok 67/131] thm-t1-iff-singletons-are-closed (782s)
[run 73/131] cex-nested-unbounded-closed-empty
[ok 69/131] thm-t4-implies-t3 (423s)
[run 74/131] cex-sqrt-k-differences-null-not-cauchy
[ok 65/131] cex-the-pointwise-limit-of-continuous-functions-need-not-be-continuous (1221s)
[run 75/131] cex-unbounded-with-convergent-subsequence
[ok 62/131] thm-the-exponential-law (1484s)
[run 76/131] lem-uncountable-delta-system-for-finite-sets
[ok 70/131] ex-sequential-fan-is-frechet-urysohn-not-first-countable (653s)
[run 77/131] thm-euclidean-heine-borel-pseudocompactness-and-extreme-values
[ok 72/131] cex-nested-open-intervals-empty (626s)
[run 78/131] thm-open-connected-subsets-of-rn-are-polygonally-connected
[ok 68/131] lem-normality-via-shrinking (1046s)
[run 79/131] lem-compact-closed-balls-in-a-locally-compact-metric-space
[ok 75/131] cex-unbounded-with-convergent-subsequence (389s)
[run 80/131] fs-pointwise-convergence-implies-uniform-convergence-on-compact-sets
[ok 74/131] cex-sqrt-k-differences-null-not-cauchy (709s)
[run 81/131] ex-continuous-functions-on-the-unit-interval-with-the-sup-metric
[ok 78/131] thm-open-connected-subsets-of-rn-are-polygonally-connected (402s)
[run 82/131] ex-a-uniformly-equicontinuous-family-of-lipschitz-functions
[ok 79/131] lem-compact-closed-balls-in-a-locally-compact-metric-space (466s)
[run 83/131] ex-the-exponential-law-worked-on-the-line
[ok 76/131] lem-uncountable-delta-system-for-finite-sets (831s)
[run 84/131] thm-perfectly-normal-implies-completely-normal
[ok 81/131] ex-continuous-functions-on-the-unit-interval-with-the-sup-metric (381s)
[run 85/131] thm-net-cluster-point-iff-convergent-subnet
[ok 80/131] fs-pointwise-convergence-implies-uniform-convergence-on-compact-sets (737s)
[run 86/131] cor-compactness-via-universal-nets
[ok 83/131] ex-the-exponential-law-worked-on-the-line (461s)
[run 87/131] lem-monotone-unbounded-diverges
[ok 73/131] cex-nested-unbounded-closed-empty (1359s)
[run 88/131] fs-nested-open-intervals-nonempty
[ok 77/131] thm-euclidean-heine-borel-pseudocompactness-and-extreme-values (1293s)
[run 89/131] lem-weight-is-well-defined
[ok 86/131] cor-compactness-via-universal-nets (357s)
[run 90/131] lem-density-is-well-defined
[ok 84/131] thm-perfectly-normal-implies-completely-normal (805s)
[run 91/131] lem-lindelof-degree-is-well-defined
[ok 82/131] ex-a-uniformly-equicontinuous-family-of-lipschitz-functions (1064s)
[run 92/131] lem-cellularity-is-well-defined
[FAIL 71/131] ex-arens-space-is-sequential-not-frechet-urysohn (2368s) — 
[run 93/131] thm-countable-products-of-second-countable-spaces
[ok 87/131] lem-monotone-unbounded-diverges (859s)
[run 94/131] thm-basic-cardinal-function-inequalities
[ok 88/131] fs-nested-open-intervals-nonempty (833s)
[run 95/131] lem-finite-powers-of-countable-sets-are-countable
[ok 85/131] thm-net-cluster-point-iff-convergent-subnet (1098s)
[run 96/131] thm-exponential-correspondence-is-continuous
[ok 92/131] lem-cellularity-is-well-defined (502s)
[run 97/131] thm-completely-regular-implies-regular
[ok 90/131] lem-density-is-well-defined (906s)
[run 98/131] thm-closure-characterised-by-nets
[ok 89/131] lem-weight-is-well-defined (942s)
[run 99/131] thm-continuity-characterised-by-nets
[ok 94/131] thm-basic-cardinal-function-inequalities (387s)
[run 100/131] thm-hausdorff-iff-net-limits-are-unique
[ok 91/131] lem-lindelof-degree-is-well-defined (935s)
[run 101/131] ex-free-ultrafilter-converging-in-a-convergent-sequence-space
[ok 97/131] thm-completely-regular-implies-regular (543s)
[run 102/131] lem-countable-local-bases-can-be-open-and-decreasing
[ok 93/131] thm-countable-products-of-second-countable-spaces (861s)
[run 103/131] prop-continuous-image-density-and-lindelof-degree
[ok 99/131] thm-continuity-characterised-by-nets (541s)
[run 104/131] lem-large-cantor-cubes-are-not-separable
[ok 100/131] thm-hausdorff-iff-net-limits-are-unique (607s)
[run 105/131] fs-separability-is-hereditary
[ok 95/131] lem-finite-powers-of-countable-sets-are-countable (1040s)
[run 106/131] fs-lindelofness-is-hereditary
[ok 96/131] thm-exponential-correspondence-is-continuous (1078s)
[run 107/131] lem-pseudocompact-euclidean-subset-is-closed
[ok 103/131] prop-continuous-image-density-and-lindelof-degree (608s)
[run 108/131] cor-rn-is-polygonally-connected-and-locally-path-connected
[ok 98/131] thm-closure-characterised-by-nets (1166s)
[run 109/131] thm-rational-points-and-boxes-in-rn
[ok 104/131] lem-large-cantor-cubes-are-not-separable (796s)
[run 110/131] fs-every-normal-space-is-hausdorff
[ok 106/131] fs-lindelofness-is-hereditary (782s)
[run 111/131] ex-coordinate-reading-sequence-has-subnets-but-no-convergent-subsequence
[ok 102/131] lem-countable-local-bases-can-be-open-and-decreasing (1144s)
[run 112/131] thm-countable-products-of-first-countable-spaces
[ok 107/131] lem-pseudocompact-euclidean-subset-is-closed (815s)
[run 113/131] thm-cantor-cubes-are-ccc
[ok 105/131] fs-separability-is-hereditary (972s)
[run 114/131] fs-first-countable-spaces-are-second-countable
[ok 108/131] cor-rn-is-polygonally-connected-and-locally-path-connected (738s)
[run 115/131] lem-pseudocompact-euclidean-subset-is-bounded
[ok 109/131] thm-rational-points-and-boxes-in-rn (759s)
[run 116/131] lem-punctured-rn-is-polygonally-connected
[ok 114/131] fs-first-countable-spaces-are-second-countable (540s)
[run 117/131] lem-radial-normalisation-is-continuous
[ok 113/131] thm-cantor-cubes-are-ccc (594s)
[run 118/131] thm-r-is-not-homeomorphic-to-higher-dimensional-euclidean-space
[ok 115/131] lem-pseudocompact-euclidean-subset-is-bounded (536s)
[run 119/131] fs-connected-subsets-of-rn-are-polygonally-connected
[ok 112/131] thm-countable-products-of-first-countable-spaces (806s)
[run 120/131] cex-open-bounded-euclidean-subset-not-compact
[ok 120/131] cex-open-bounded-euclidean-subset-not-compact (312s)
[run 121/131] cex-closed-unbounded-euclidean-subset-not-compact
[ok 118/131] thm-r-is-not-homeomorphic-to-higher-dimensional-euclidean-space (509s)
[run 122/131] lem-tube-lemma-for-a-compact-metric-factor
[FAIL 111/131] ex-coordinate-reading-sequence-has-subnets-but-no-convergent-subsequence (1257s) — 
[run 123/131] thm-completely-normal-implies-normal
[FAIL 101/131] ex-free-ultrafilter-converging-in-a-convergent-sequence-space (2607s) — 
[run 124/131] fs-every-hausdorff-space-is-regular
[ok 117/131] lem-radial-normalisation-is-continuous (642s)
[run 125/131] thm-universal-nets-and-ultrafilters-correspond
[ok 123/131] thm-completely-normal-implies-normal (312s)
[run 126/131] ex-cocountable-closure-detected-by-a-net-not-a-sequence
[ok 110/131] fs-every-normal-space-is-hausdorff (1776s)
[run 127/131] prop-separable-spaces-are-ccc
[ok 125/131] thm-universal-nets-and-ultrafilters-correspond (411s)
[run 128/131] thm-metric-weight-equals-density
[ok 124/131] fs-every-hausdorff-space-is-regular (454s)
[run 129/131] lem-subnets-preserve-eventual-properties-and-limits
[ok 129/131] lem-subnets-preserve-eventual-properties-and-limits (291s)
[run 130/131] ex-neighbourhood-indexed-net-converging-to-a-closure-point
[ok 126/131] ex-cocountable-closure-detected-by-a-net-not-a-sequence (574s)
[skip 131/131] ex-finite-subset-net-for-unordered-real-summation — already complete
[ok 122/131] lem-tube-lemma-for-a-compact-metric-factor (965s)
[ok 121/131] cex-closed-unbounded-euclidean-subset-not-compact (1094s)
[ok 116/131] lem-punctured-rn-is-polygonally-connected (2005s)
[ok 130/131] ex-neighbourhood-indexed-net-converging-to-a-closure-point (394s)
[ok 127/131] prop-separable-spaces-are-ccc (811s)
[ok 119/131] fs-connected-subsets-of-rn-are-polygonally-connected (1772s)
[ok 128/131] thm-metric-weight-equals-density (895s)

refuters: 119/131 ok, 12 failed
  FAILED thm-compact-hausdorff-tychonoff-from-the-ultrafilter-lemma (dispatch)
  FAILED thm-radial-straight-line-map-on-punctured-rn (dispatch)
  FAILED lem-character-is-well-defined (dispatch)
  FAILED cor-euclidean-compactness-equivalence-chart (dispatch)
  FAILED thm-comparison-of-the-three-function-space-topologies (dispatch)
  FAILED fs-the-compact-open-topology-is-always-metrizable (dispatch)
  FAILED fs-the-evaluation-map-is-always-continuous (dispatch)
  FAILED thm-dini (dispatch)
  FAILED thm-unordered-summability-of-real-families (dispatch)
  FAILED ex-arens-space-is-sequential-not-frechet-urysohn (dispatch)
  FAILED ex-coordinate-reading-sequence-has-subnets-but-no-convergent-subsequence (dispatch)
  FAILED ex-free-ultrafilter-converging-in-a-convergent-sequence-space (dispatch)
