[run 1/11] cex-nested-open-intervals-empty
[run 2/11] cor-components-of-open-subsets-of-rn-are-polygonally-connected
[run 3/11] ex-countability-profile-of-omega-one
[run 4/11] ex-nested-intervals-single-point
[run 5/11] ex-the-particular-point-topology-in-the-separation-hierarchy
[run 6/11] fs-pointwise-convergence-implies-uniform-convergence-on-compact-sets
[ok 3/11] ex-countability-profile-of-omega-one (134s)
[run 7/11] lem-ordinal-order-topology-is-t3
[ok 2/11] cor-components-of-open-subsets-of-rn-are-polygonally-connected (137s)
[run 8/11] lem-uniform-metric-on-a-function-space
[ok 4/11] ex-nested-intervals-single-point (157s)
[run 9/11] rem-function-space-conventions
[ok 1/11] cex-nested-open-intervals-empty (180s)
[run 10/11] thm-compact-hausdorff-tychonoff-from-the-ultrafilter-lemma
[ok 5/11] ex-the-particular-point-topology-in-the-separation-hierarchy (211s)
[run 11/11] thm-the-exponential-law
[ok 6/11] fs-pointwise-convergence-implies-uniform-convergence-on-compact-sets (225s)
[ok 8/11] lem-uniform-metric-on-a-function-space (134s)
[ok 10/11] thm-compact-hausdorff-tychonoff-from-the-ultrafilter-lemma (119s)
[ok 7/11] lem-ordinal-order-topology-is-t3 (247s)
[ok 9/11] rem-function-space-conventions (253s)
[ok 11/11] thm-the-exponential-law (223s)

certifiers: 11/11 ok, 0 failed
