[skip 1/131] lem-convergence-in-the-pointwise-topology — already complete
[skip 2/131] thm-monotone-convergence — already complete
[skip 3/131] lem-peak-monotone-subsequence — already complete
[skip 4/131] ex-the-cocountable-topology-in-the-separation-hierarchy — already complete
[skip 5/131] ex-the-ordinal-spaces-omega-plus-one-and-omega-one — already complete
[skip 6/131] lem-alternating-sequence — already complete
[skip 7/131] ex-babylonian-sqrt-two — already complete
[skip 8/131] thm-function-space-is-complete-for-a-complete-target — already complete
[skip 9/131] fs-unique-sequential-limits-imply-hausdorff — already complete
[skip 10/131] ex-contractive-sequence-fixed-point — already complete
[skip 11/131] cex-strictly-decreasing-gaps-no-limit — already complete
[skip 12/131] cex-compact-convergence-without-uniform-convergence — already complete
[skip 13/131] lem-ordinal-order-topology-is-t3 — already complete
[skip 14/131] cex-the-deleted-tychonoff-plank-is-not-normal — already complete
[skip 15/131] thm-nested-interval-property — already complete
[skip 16/131] lem-geometric-sequence-null — already complete
[skip 17/131] thm-contractive-implies-cauchy — already complete
[skip 18/131] fs-lindelofness-is-productive — already complete
[skip 19/131] lem-uniform-convergence-in-the-uniform-metric — already complete
[skip 20/131] thm-the-separation-implication-chain — already complete
[skip 21/131] ex-recursive-sqrt-two-plus-x — already complete
[skip 22/131] lem-uniform-metric-on-a-function-space — already complete
[skip 23/131] ex-the-compact-open-topology-on-the-continuous-functions-of-the-line — already complete
[skip 24/131] ex-the-discrete-and-indiscrete-extremes-of-the-hierarchy — already complete
[skip 25/131] thm-bolzano-weierstrass — already complete
[skip 26/131] thm-cauchy-criterion-via-lub — already complete
[skip 27/131] thm-compact-open-equals-compact-convergence — already complete
[skip 28/131] thm-uniform-limit-theorem — already complete
[run 29/131] cor-euclidean-compactness-equivalence-chart
[run 30/131] thm-compact-hausdorff-tychonoff-from-the-ultrafilter-lemma
[run 31/131] thm-radial-straight-line-map-on-punctured-rn
[run 32/131] thm-unordered-summability-of-real-families
[run 33/131] thm-dini
[run 34/131] fs-the-compact-open-topology-is-always-metrizable
[run 35/131] lem-character-is-well-defined
[run 36/131] thm-comparison-of-the-three-function-space-topologies
[ok 31/131] thm-radial-straight-line-map-on-punctured-rn (413s)
[run 37/131] fs-the-evaluation-map-is-always-continuous
[ok 34/131] fs-the-compact-open-topology-is-always-metrizable (424s)
[skip 38/131] lem-regularity-via-closed-neighbourhoods — already complete
[skip 39/131] lem-urysohn-sits-between-hausdorff-and-regular-plus-t1 — already complete
[skip 40/131] thm-metric-spaces-are-completely-normal — already complete
[skip 41/131] thm-metric-spaces-are-tychonoff-and-perfectly-normal — already complete
[skip 42/131] lem-the-k-topology-is-hausdorff-and-not-regular — already complete
[skip 43/131] fs-every-t1-space-is-hausdorff — already complete
[skip 44/131] ex-sierpinski-space-is-t0-normal-and-not-regular — already complete
[skip 45/131] ex-the-particular-point-topology-in-the-separation-hierarchy — already complete
[skip 46/131] ex-the-cofinite-topology-in-the-separation-hierarchy — already complete
[skip 47/131] ex-closed-subsets-of-the-line-as-zero-sets-and-g-delta-sets — already complete
[skip 48/131] thm-compactness-via-nets-filters-and-ultrafilters — already complete
[skip 49/131] cor-monotone-converges-iff-bounded — already complete
[skip 50/131] lem-cauchy-sequence-bounded — already complete
[run 51/131] lem-cauchy-with-convergent-subsequence
[ok 29/131] cor-euclidean-compactness-equivalence-chart (502s)
[run 52/131] fs-consecutive-differences-null-implies-cauchy
[FAIL 32/131] thm-unordered-summability-of-real-families (664s) — 
[run 53/131] fs-convergent-subsequence-implies-bounded
[ok 30/131] thm-compact-hausdorff-tychonoff-from-the-ultrafilter-lemma (856s)
[run 54/131] ex-nested-intervals-single-point
[FAIL 36/131] thm-comparison-of-the-three-function-space-topologies (894s) — 
[run 55/131] ex-two-subsequential-limits
[ok 37/131] fs-the-evaluation-map-is-always-continuous (535s)
[skip 56/131] cex-cauchy-rationals-no-rational-limit — already complete
[run 57/131] cor-cardinal-functions-detect-countability-axioms
[FAIL 35/131] lem-character-is-well-defined (991s) — 
[run 58/131] thm-metric-countability-equivalences
[ok 33/131] thm-dini (1105s)
[run 59/131] fs-separable-spaces-are-second-countable
[ok 57/131] cor-cardinal-functions-detect-countability-axioms (271s)
[skip 60/131] lem-euclidean-polygonal-paths-are-continuous — already complete
[run 61/131] thm-evaluation-is-continuous-on-a-locally-compact-metric-domain
[ok 51/131] lem-cauchy-with-convergent-subsequence (798s)
[run 62/131] thm-the-exponential-law
[ok 55/131] ex-two-subsequential-limits (444s)
[run 63/131] ex-the-moving-spike-family-in-the-three-topologies
[ok 52/131] fs-consecutive-differences-null-implies-cauchy (917s)
[run 64/131] cex-pointwise-bounded-but-not-equicontinuous
[ok 54/131] ex-nested-intervals-single-point (590s)
[run 65/131] cex-the-pointwise-limit-of-continuous-functions-need-not-be-continuous
[ok 58/131] thm-metric-countability-equivalences (524s)
[run 66/131] ex-dini-on-the-unit-interval
[ok 53/131] fs-convergent-subsequence-implies-bounded (978s)
[run 67/131] thm-t1-iff-singletons-are-closed
[ok 59/131] fs-separable-spaces-are-second-countable (541s)
[run 68/131] lem-normality-via-shrinking
[ok 61/131] thm-evaluation-is-continuous-on-a-locally-compact-metric-domain (485s)
[run 69/131] thm-t4-implies-t3
[ok 62/131] thm-the-exponential-law (598s)
[run 70/131] ex-sequential-fan-is-frechet-urysohn-not-first-countable
[ok 67/131] thm-t1-iff-singletons-are-closed (313s)
[run 71/131] ex-arens-space-is-sequential-not-frechet-urysohn
[ok 63/131] ex-the-moving-spike-family-in-the-three-topologies (637s)
[run 72/131] cex-nested-open-intervals-empty
[ok 65/131] cex-the-pointwise-limit-of-continuous-functions-need-not-be-continuous (590s)
[run 73/131] cex-nested-unbounded-closed-empty
[ok 69/131] thm-t4-implies-t3 (353s)
[run 74/131] cex-sqrt-k-differences-null-not-cauchy
[ok 66/131] ex-dini-on-the-unit-interval (829s)
[run 75/131] cex-unbounded-with-convergent-subsequence
[ok 70/131] ex-sequential-fan-is-frechet-urysohn-not-first-countable (593s)
[run 76/131] lem-uncountable-delta-system-for-finite-sets
[ok 71/131] ex-arens-space-is-sequential-not-frechet-urysohn (619s)
[run 77/131] thm-euclidean-heine-borel-pseudocompactness-and-extreme-values
[ok 73/131] cex-nested-unbounded-closed-empty (575s)
[run 78/131] thm-open-connected-subsets-of-rn-are-polygonally-connected
[ok 74/131] cex-sqrt-k-differences-null-not-cauchy (628s)
[run 79/131] lem-compact-closed-balls-in-a-locally-compact-metric-space
[ok 64/131] cex-pointwise-bounded-but-not-equicontinuous (1363s)
[run 80/131] fs-pointwise-convergence-implies-uniform-convergence-on-compact-sets
[ok 68/131] lem-normality-via-shrinking (1295s)
[run 81/131] ex-continuous-functions-on-the-unit-interval-with-the-sup-metric
[ok 72/131] cex-nested-open-intervals-empty (965s)
[run 82/131] ex-a-uniformly-equicontinuous-family-of-lipschitz-functions
[ok 79/131] lem-compact-closed-balls-in-a-locally-compact-metric-space (478s)
[run 83/131] ex-the-exponential-law-worked-on-the-line
[ok 81/131] ex-continuous-functions-on-the-unit-interval-with-the-sup-metric (351s)
[run 84/131] thm-perfectly-normal-implies-completely-normal
[ok 76/131] lem-uncountable-delta-system-for-finite-sets (945s)
[run 85/131] thm-net-cluster-point-iff-convergent-subnet
[ok 83/131] ex-the-exponential-law-worked-on-the-line (249s)
[run 86/131] cor-compactness-via-universal-nets
[ok 75/131] cex-unbounded-with-convergent-subsequence (1094s)
[run 87/131] lem-monotone-unbounded-diverges
[ok 77/131] thm-euclidean-heine-borel-pseudocompactness-and-extreme-values (1162s)
[run 88/131] fs-nested-open-intervals-nonempty
[ok 78/131] thm-open-connected-subsets-of-rn-are-polygonally-connected (1135s)
[run 89/131] lem-weight-is-well-defined
[ok 85/131] thm-net-cluster-point-iff-convergent-subnet (586s)
[run 90/131] lem-density-is-well-defined
[ok 86/131] cor-compactness-via-universal-nets (568s)
[run 91/131] lem-lindelof-degree-is-well-defined
[ok 84/131] thm-perfectly-normal-implies-completely-normal (817s)
[run 92/131] lem-cellularity-is-well-defined
[ok 82/131] ex-a-uniformly-equicontinuous-family-of-lipschitz-functions (1250s)
[run 93/131] thm-countable-products-of-second-countable-spaces
[ok 88/131] fs-nested-open-intervals-nonempty (475s)
[run 94/131] thm-basic-cardinal-function-inequalities
[ok 80/131] fs-pointwise-convergence-implies-uniform-convergence-on-compact-sets (1523s)
[run 95/131] lem-finite-powers-of-countable-sets-are-countable
[ok 89/131] lem-weight-is-well-defined (769s)
[run 96/131] thm-exponential-correspondence-is-continuous
[ok 87/131] lem-monotone-unbounded-diverges (1100s)
[run 97/131] thm-completely-regular-implies-regular
[FAIL 92/131] lem-cellularity-is-well-defined (603s) — 
[run 98/131] thm-closure-characterised-by-nets
[ok 95/131] lem-finite-powers-of-countable-sets-are-countable (548s)
[run 99/131] thm-continuity-characterised-by-nets
[ok 90/131] lem-density-is-well-defined (941s)
[run 100/131] thm-hausdorff-iff-net-limits-are-unique
[ok 91/131] lem-lindelof-degree-is-well-defined (1003s)
[run 101/131] ex-free-ultrafilter-converging-in-a-convergent-sequence-space
[ok 99/131] thm-continuity-characterised-by-nets (276s)
[run 102/131] lem-countable-local-bases-can-be-open-and-decreasing
[ok 98/131] thm-closure-characterised-by-nets (574s)
[run 103/131] prop-continuous-image-density-and-lindelof-degree
[FAIL 94/131] thm-basic-cardinal-function-inequalities (1080s) — 
[run 104/131] lem-large-cantor-cubes-are-not-separable
[ok 100/131] thm-hausdorff-iff-net-limits-are-unique (440s)
[run 105/131] fs-separability-is-hereditary
[ok 93/131] thm-countable-products-of-second-countable-spaces (1217s)
[run 106/131] fs-lindelofness-is-hereditary
[ok 96/131] thm-exponential-correspondence-is-continuous (1040s)
[run 107/131] lem-pseudocompact-euclidean-subset-is-closed
[ok 102/131] lem-countable-local-bases-can-be-open-and-decreasing (564s)
[run 108/131] cor-rn-is-polygonally-connected-and-locally-path-connected
[ok 97/131] thm-completely-regular-implies-regular (1280s)
[run 109/131] thm-rational-points-and-boxes-in-rn
[ok 101/131] ex-free-ultrafilter-converging-in-a-convergent-sequence-space (917s)
[run 110/131] fs-every-normal-space-is-hausdorff
[ok 107/131] lem-pseudocompact-euclidean-subset-is-closed (360s)
[run 111/131] ex-coordinate-reading-sequence-has-subnets-but-no-convergent-subsequence
[ok 106/131] fs-lindelofness-is-hereditary (561s)
[run 112/131] thm-countable-products-of-first-countable-spaces
[ok 103/131] prop-continuous-image-density-and-lindelof-degree (771s)
[run 113/131] thm-cantor-cubes-are-ccc
[ok 105/131] fs-separability-is-hereditary (949s)
[run 114/131] fs-first-countable-spaces-are-second-countable
[ok 104/131] lem-large-cantor-cubes-are-not-separable (1068s)
[run 115/131] lem-pseudocompact-euclidean-subset-is-bounded
[ok 110/131] fs-every-normal-space-is-hausdorff (467s)
[run 116/131] lem-punctured-rn-is-polygonally-connected
[ok 115/131] lem-pseudocompact-euclidean-subset-is-bounded (338s)
[run 117/131] lem-radial-normalisation-is-continuous
[ok 109/131] thm-rational-points-and-boxes-in-rn (941s)
[run 118/131] thm-r-is-not-homeomorphic-to-higher-dimensional-euclidean-space
[ok 111/131] ex-coordinate-reading-sequence-has-subnets-but-no-convergent-subsequence (916s)
[run 119/131] fs-connected-subsets-of-rn-are-polygonally-connected
[ok 112/131] thm-countable-products-of-first-countable-spaces (938s)
[run 120/131] cex-open-bounded-euclidean-subset-not-compact
[ok 117/131] lem-radial-normalisation-is-continuous (514s)
[run 121/131] cex-closed-unbounded-euclidean-subset-not-compact
[ok 116/131] lem-punctured-rn-is-polygonally-connected (859s)
[run 122/131] lem-tube-lemma-for-a-compact-metric-factor
[ok 114/131] fs-first-countable-spaces-are-second-countable (1022s)
[run 123/131] thm-completely-normal-implies-normal
[ok 113/131] thm-cantor-cubes-are-ccc (1372s)
[run 124/131] fs-every-hausdorff-space-is-regular
[ok 120/131] cex-open-bounded-euclidean-subset-not-compact (529s)
[run 125/131] thm-universal-nets-and-ultrafilters-correspond
[FAIL 108/131] cor-rn-is-polygonally-connected-and-locally-path-connected (1977s) — 
[run 126/131] ex-cocountable-closure-detected-by-a-net-not-a-sequence
[ok 119/131] fs-connected-subsets-of-rn-are-polygonally-connected (851s)
[run 127/131] prop-separable-spaces-are-ccc
[ok 122/131] lem-tube-lemma-for-a-compact-metric-factor (482s)
[run 128/131] thm-metric-weight-equals-density
[ok 123/131] thm-completely-normal-implies-normal (524s)
[run 129/131] lem-subnets-preserve-eventual-properties-and-limits
[ok 125/131] thm-universal-nets-and-ultrafilters-correspond (446s)
[run 130/131] ex-neighbourhood-indexed-net-converging-to-a-closure-point
[ok 126/131] ex-cocountable-closure-detected-by-a-net-not-a-sequence (315s)
[run 131/131] ex-finite-subset-net-for-unordered-real-summation
[ok 124/131] fs-every-hausdorff-space-is-regular (612s)
[ok 127/131] prop-separable-spaces-are-ccc (515s)
[ok 131/131] ex-finite-subset-net-for-unordered-real-summation (275s)
[ok 118/131] thm-r-is-not-homeomorphic-to-higher-dimensional-euclidean-space (1508s)
[ok 128/131] thm-metric-weight-equals-density (589s)
[ok 121/131] cex-closed-unbounded-euclidean-subset-not-compact (1106s)
[ok 130/131] ex-neighbourhood-indexed-net-converging-to-a-closure-point (591s)
[ok 129/131] lem-subnets-preserve-eventual-properties-and-limits (705s)

refuters: 125/131 ok, 6 failed
  FAILED thm-unordered-summability-of-real-families (dispatch)
  FAILED thm-comparison-of-the-three-function-space-topologies (dispatch)
  FAILED lem-character-is-well-defined (dispatch)
  FAILED lem-cellularity-is-well-defined (dispatch)
  FAILED thm-basic-cardinal-function-inequalities (dispatch)
  FAILED cor-rn-is-polygonally-connected-and-locally-path-connected (dispatch)
