# audit-refuter/thm-continuous-functions-on-compact-jordan-sets-are-integrable 2026-08-10T04:41:35.340Z

## stdout
VERDICT: CLEAN

```text
VERDICT: CLEAN
BOUNDARY: Empty E is handled in step 1.1 with identically zero extension. Nonempty
E uses thm-extreme-value-metric (L1) for boundedness. The boundary ∂E is null by
thm-jordan-boundary-criterion (L2). The zero extension’s discontinuities lie in ∂E
(step 2.1), a subset of a content‑zero set, hence null; thm-lebesgue-criterion-in-rn
(L3) then gives integrability. The chosen rectangle can always be taken closed and
nondegenerate, containing E; the extension is continuous on int(E) and on Q\E.
Degenerate cases (point, empty interior) are covered because ∂E null implies the
discontinuity set is null. No counterexample found.
SOURCES: Inspected the exact supplied text of thm-extreme-value-metric,
def-bounded-set, thm-jordan-boundary-criterion, thm-lebesgue-criterion-in-rn,
def-riemann-integral-over-a-jordan-set, and lem-jordan-set-integral-well-defined.
All hypotheses and conclusions used in the proof match the quoted statements.
CHECKED: Title, complete public statement, Facts & Assumptions, every numbered
step (1.1, 2.1, 3.1), and Remarks (none present).
```

## stderr

