TAP version 13
# Subtest: actual stage validators receive only current manifest subjects
not ok 1 - actual stage validators receive only current manifest subjects
  ---
  duration_ms: 9.193453
  type: 'test'
  location: '/tmp/frontier-42-validator-head-KWMyOy/tools/autopilot/test/frontier-validator-scope.test.mts:7:142'
  failureType: 'testCodeFailure'
  error: |-
    The expression evaluated to a falsy value:
    
      assert.ok(args.includes('items/thm-selected.md'))
    
  code: 'ERR_ASSERTION'
  name: 'AssertionError'
  expected: true
  actual: false
  operator: '=='
  stack: |-
    TestContext.<anonymous> (/tmp/frontier-42-validator-head-KWMyOy/tools/autopilot/test/frontier-validator-scope.test.mts:36:16)
    Test.runInAsyncScope (node:async_hooks:214:14)
    Test.run (node:internal/test_runner/test:1047:25)
    Test.start (node:internal/test_runner/test:944:17)
    startSubtestAfterBootstrap (node:internal/test_runner/harness:296:17)
  ...
# Subtest: standalone external and Step 9 page gates also carry manifest selectors
not ok 2 - standalone external and Step 9 page gates also carry manifest selectors
  ---
  duration_ms: 1.407666
  type: 'test'
  location: '/tmp/frontier-42-validator-head-KWMyOy/tools/autopilot/test/frontier-validator-scope.test.mts:7:1172'
  failureType: 'testCodeFailure'
  error: |-
    The expression evaluated to a falsy value:
    
      assert.ok(args.includes(gate.id === 'extcheck' ? '--items-file' : gate.id === 'pathcheck' ? '--pages-file' : 'items/thm-selected.md'))
    
  code: 'ERR_ASSERTION'
  name: 'AssertionError'
  expected: true
  actual: false
  operator: '=='
  stack: |-
    TestContext.<anonymous> (/tmp/frontier-42-validator-head-KWMyOy/tools/autopilot/test/frontier-validator-scope.test.mts:57:14)
    Test.runInAsyncScope (node:async_hooks:214:14)
    Test.run (node:internal/test_runner/test:1047:25)
    Test.processPendingSubtests (node:internal/test_runner/test:744:18)
    Test.postRun (node:internal/test_runner/test:1173:19)
    Test.run (node:internal/test_runner/test:1101:12)
    async startSubtestAfterBootstrap (node:internal/test_runner/harness:296:3)
  ...
# Subtest: future descriptors can be inspected before manifests exist; execution fails closed
not ok 3 - future descriptors can be inspected before manifests exist; execution fails closed
  ---
  duration_ms: 1.721155
  type: 'test'
  location: '/tmp/frontier-42-validator-head-KWMyOy/tools/autopilot/test/frontier-validator-scope.test.mts:7:1727'
  failureType: 'testCodeFailure'
  error: |-
    The input did not match the regular expression /No current run manifests/. Input:
    
    '--run'
    
  code: 'ERR_ASSERTION'
  name: 'AssertionError'
  expected:
  actual: '--run'
  operator: 'match'
  stack: |-
    TestContext.<anonymous> (/tmp/frontier-42-validator-head-KWMyOy/tools/autopilot/test/frontier-validator-scope.test.mts:67:10)
    Test.runInAsyncScope (node:async_hooks:214:14)
    Test.run (node:internal/test_runner/test:1047:25)
    Test.processPendingSubtests (node:internal/test_runner/test:744:18)
    Test.postRun (node:internal/test_runner/test:1173:19)
    Test.run (node:internal/test_runner/test:1101:12)
    async Test.processPendingSubtests (node:internal/test_runner/test:744:7)
  ...
# Subtest: all actual stage plan gates carry the run selector
ok 4 - all actual stage plan gates carry the run selector
  ---
  duration_ms: 1.408157
  type: 'test'
  ...
1..4
# tests 4
# suites 0
# pass 1
# fail 3
# cancelled 0
# skipped 0
# todo 0
# duration_ms 24.113122
