TAP version 13
# Subtest: actual stage validators receive only current manifest subjects
ok 1 - actual stage validators receive only current manifest subjects
  ---
  duration_ms: 3923.553727
  type: 'test'
  ...
# Subtest: standalone external and Step 9 page gates also carry manifest selectors
ok 2 - standalone external and Step 9 page gates also carry manifest selectors
  ---
  duration_ms: 372.498121
  type: 'test'
  ...
# Subtest: future descriptors can be inspected before manifests exist; execution fails closed
ok 3 - future descriptors can be inspected before manifests exist; execution fails closed
  ---
  duration_ms: 124.694948
  type: 'test'
  ...
# Subtest: an assembled stage gate refreshes its selection from current manifests at execution
ok 4 - an assembled stage gate refreshes its selection from current manifests at execution
  ---
  duration_ms: 240.315252
  type: 'test'
  ...
# Subtest: all actual stage plan gates carry the run selector
ok 5 - all actual stage plan gates carry the run selector
  ---
  duration_ms: 1.517758
  type: 'test'
  ...
# Subtest: extcheck excludes unrelated shape defects while including selected defects
ok 6 - extcheck excludes unrelated shape defects while including selected defects
  ---
  duration_ms: 271.918889
  type: 'test'
  ...
# Subtest: depsource limits subjects but still resolves suppliers outside selection
ok 7 - depsource limits subjects but still resolves suppliers outside selection
  ---
  duration_ms: 195.518045
  type: 'test'
  ...
# Subtest: pathcheck keeps draft coverage advisory and excludes unrelated published coverage defects
ok 8 - pathcheck keeps draft coverage advisory and excludes unrelated published coverage defects
  ---
  duration_ms: 188.246452
  type: 'test'
  ...
# Subtest: pathcheck retains transitive supplier ordering outside selection
ok 9 - pathcheck retains transitive supplier ordering outside selection
  ---
  duration_ms: 91.910923
  type: 'test'
  ...
# Subtest: all opt-in validators reject empty and unknown selections
ok 10 - all opt-in validators reject empty and unknown selections
  ---
  duration_ms: 450.576525
  type: 'test'
  ...
# Subtest: manifest selection refreshes current inventories and fails closed without valid subjects
ok 11 - manifest selection refreshes current inventories and fails closed without valid subjects
  ---
  duration_ms: 170.635473
  type: 'test'
  ...
# Subtest: focused extcheck retains transitive Foundations boundary paths through outside suppliers
ok 12 - focused extcheck retains transitive Foundations boundary paths through outside suppliers
  ---
  duration_ms: 88.374949
  type: 'test'
  ...
# Subtest: depcheck excludes unrelated page hygiene, multi-home and disconnected cycles
ok 13 - depcheck excludes unrelated page hygiene, multi-home and disconnected cycles
  ---
  duration_ms: 151.587272
  type: 'test'
  ...
# Subtest: depcheck retains reachable supplier item/page cycles and B-page boundaries
ok 14 - depcheck retains reachable supplier item/page cycles and B-page boundaries
  ---
  duration_ms: 149.34055
  type: 'test'
  ...
# Subtest: depsource run overlay accepts a current unspliced subject and current supplier homes
ok 15 - depsource run overlay accepts a current unspliced subject and current supplier homes
  ---
  duration_ms: 460.564965
  type: 'test'
  ...
# Subtest: manifest page diagnostics exclude unrelated broken pages, but bare checks retain them
ok 16 - manifest page diagnostics exclude unrelated broken pages, but bare checks retain them
  ---
  duration_ms: 148.578672
  type: 'test'
  ...
# Subtest: selected missing declarations and missing dependencies remain hard errors
ok 17 - selected missing declarations and missing dependencies remain hard errors
  ---
  duration_ms: 70.00664
  type: 'test'
  ...
# Subtest: published suppliers induce undeclared-prerequisite findings in selected pages
ok 18 - published suppliers induce undeclared-prerequisite findings in selected pages
  ---
  duration_ms: 72.465705
  type: 'test'
  ...
# Subtest: external item cycles in the selected dependency closure fail, disconnected cycles do not
ok 19 - external item cycles in the selected dependency closure fail, disconnected cycles do not
  ---
  duration_ms: 142.822517
  type: 'test'
  ...
# Subtest: reachable declared-prerequisite cycles remain failures
ok 20 - reachable declared-prerequisite cycles remain failures
  ---
  duration_ms: 73.531312
  type: 'test'
  ...
# Subtest: actual external supplier dependencies override stale unrelated plan metadata
ok 21 - actual external supplier dependencies override stale unrelated plan metadata
  ---
  duration_ms: 71.669285
  type: 'test'
  ...
# Subtest: definition justification discharges do not introduce spurious cycles
ok 22 - definition justification discharges do not introduce spurious cycles
  ---
  duration_ms: 69.325957
  type: 'test'
  ...
# Subtest: missing current manifests and missing manifest pages fail closed
ok 23 - missing current manifests and missing manifest pages fail closed
  ---
  duration_ms: 140.484468
  type: 'test'
  ...
# Subtest: supplier page cycles are checked through current external page inventories
ok 24 - supplier page cycles are checked through current external page inventories
  ---
  duration_ms: 72.997393
  type: 'test'
  ...
# Subtest: current manifest inventory replaces stale canonical items before splice
ok 25 - current manifest inventory replaces stale canonical items before splice
  ---
  duration_ms: 72.403199
  type: 'test'
  ...
# Subtest: native wrapper validates unspliced manifest subjects against empty canonical inventories
ok 26 - native wrapper validates unspliced manifest subjects against empty canonical inventories
  ---
  duration_ms: 271.466165
  type: 'test'
  ...
# Subtest: native wrapper rejects populated page selectors with empty manifest item scopes
ok 27 - native wrapper rejects populated page selectors with empty manifest item scopes
  ---
  duration_ms: 130.23827
  type: 'test'
  ...
# Subtest: native wrapper retains selected undeclared prerequisites and external supplier context
ok 28 - native wrapper retains selected undeclared prerequisites and external supplier context
  ---
  duration_ms: 136.186638
  type: 'test'
  ...
# Subtest: native wrapper overlays same-ID manifest dependencies and requires on stale plan subjects
ok 29 - native wrapper overlays same-ID manifest dependencies and requires on stale plan subjects
  ---
  duration_ms: 269.976798
  type: 'test'
  ...
# Subtest: run overlay rejects mismatched page selectors and ambiguous canonical item ownership
ok 30 - run overlay rejects mismatched page selectors and ambiguous canonical item ownership
  ---
  duration_ms: 363.197895
  type: 'test'
  ...
1..30
# tests 30
# suites 0
# pass 30
# fail 0
# cancelled 0
# skipped 0
# todo 0
# duration_ms 4902.285028
