TAP version 13
# Subtest: extcheck excludes unrelated shape defects while including selected defects
not ok 1 - extcheck excludes unrelated shape defects while including selected defects
  ---
  duration_ms: 133.627111
  type: 'test'
  location: '/home/lazyinspirit/Projects/prestige-math-library/tools/frontier-gate-scope.test.mjs:39:1'
  failureType: 'testCodeFailure'
  error: |-
    Expected values to be strictly equal:
    
    1 !== 0
    
  code: 'ERR_ASSERTION'
  name: 'AssertionError'
  expected: 0
  actual: 1
  operator: 'strictEqual'
  stack: |-
    TestContext.<anonymous> (file:///home/lazyinspirit/Projects/prestige-math-library/tools/frontier-gate-scope.test.mjs:42:10)
    Test.runInAsyncScope (node:async_hooks:214:14)
    Test.run (node:internal/test_runner/test:1047:25)
    Test.start (node:internal/test_runner/test:944:17)
    startSubtestAfterBootstrap (node:internal/test_runner/harness:296:17)
  ...
# Subtest: depsource limits subjects but still resolves suppliers outside selection
ok 2 - depsource limits subjects but still resolves suppliers outside selection
  ---
  duration_ms: 212.116194
  type: 'test'
  ...
# Subtest: pathcheck keeps draft coverage advisory and excludes unrelated published coverage defects
ok 3 - pathcheck keeps draft coverage advisory and excludes unrelated published coverage defects
  ---
  duration_ms: 199.289103
  type: 'test'
  ...
# Subtest: pathcheck retains transitive supplier ordering outside selection
ok 4 - pathcheck retains transitive supplier ordering outside selection
  ---
  duration_ms: 106.899932
  type: 'test'
  ...
# Subtest: all opt-in validators reject empty and unknown selections
not ok 5 - all opt-in validators reject empty and unknown selections
  ---
  duration_ms: 72.566844
  type: 'test'
  location: '/home/lazyinspirit/Projects/prestige-math-library/tools/frontier-gate-scope.test.mjs:79:1'
  failureType: 'testCodeFailure'
  error: |-
    The input did not match the regular expression /nonempty|unknown/. Input:
    
    'node:internal/modules/esm/resolve:275\n' +
      '    throw new ERR_MODULE_NOT_FOUND(\n' +
      '          ^\n' +
      '\n' +
      "Error [ERR_MODULE_NOT_FOUND]: Cannot find module '/tmp/frontier-gates-test-AXlxGi/tools/content-policy-lib.mjs' imported from /tmp/frontier-gates-test-AXlxGi/tools/extcheck.mjs\n" +
      '    at finalizeResolution (node:internal/modules/esm/resolve:275:11)\n' +
      '    at moduleResolve (node:internal/modules/esm/resolve:861:10)\n' +
      '    at defaultResolve (node:internal/modules/esm/resolve:985:11)\n' +
      '    at #cachedDefaultResolve (node:internal/modules/esm/loader:731:20)\n' +
      '    at ModuleLoader.resolve (node:internal/modules/esm/loader:708:38)\n' +
      '    at ModuleLoader.getModuleJobForImport (node:internal/modules/esm/loader:310:38)\n' +
      '    at ModuleJob._link (node:internal/modules/esm/module_job:182:49) {\n' +
      "  code: 'ERR_MODULE_NOT_FOUND',\n" +
      "  url: 'file:///tmp/frontier-gates-test-AXlxGi/tools/content-policy-lib.mjs'\n" +
      '}\n' +
      '\n' +
      'Node.js v22.22.1\n'
    
  code: 'ERR_ASSERTION'
  name: 'AssertionError'
  expected:
  actual: |-
    node:internal/modules/esm/resolve:275
        throw new ERR_MODULE_NOT_FOUND(
              ^
    
    Error [ERR_MODULE_NOT_FOUND]: Cannot find module '/tmp/frontier-gates-test-AXlxGi/tools/content-policy-lib.mjs' imported from /tmp/frontier-gates-test-AXlxGi/tools/extcheck.mjs
        at finalizeResolution (node:internal/modules/esm/resolve:275:11)
        at moduleResolve (node:internal/modules/esm/resolve:861:10)
        at defaultResolve (node:internal/modules/esm/resolve:985:11)
        at #cachedDefaultResolve (node:internal/modules/esm/loader:731:20)
        at ModuleLoader.resolve (node:internal/modules/esm/loader:708:38)
        at ModuleLoader.getModuleJobForImport (node:internal/modules/esm/loader:310:38)
        at ModuleJob._link (node:internal/modules/esm/module_job:182:49) {
      code: 'ERR_MODULE_NOT_FOUND',
      url: 'file:///tmp/frontier-gates-test-AXlxGi/tools/content-policy-lib.mjs'
    }
    
    Node.js v22.22.1
    
  operator: 'match'
  stack: |-
    TestContext.<anonymous> (file:///home/lazyinspirit/Projects/prestige-math-library/tools/frontier-gate-scope.test.mjs:86:14)
    Test.runInAsyncScope (node:async_hooks:214:14)
    Test.run (node:internal/test_runner/test:1047:25)
    Test.processPendingSubtests (node:internal/test_runner/test:744:18)
    Test.postRun (node:internal/test_runner/test:1173:19)
    Test.run (node:internal/test_runner/test:1101:12)
    async Test.processPendingSubtests (node:internal/test_runner/test:744:7)
  ...
# Subtest: manifest selection refreshes current inventories and fails closed without valid subjects
ok 6 - manifest selection refreshes current inventories and fails closed without valid subjects
  ---
  duration_ms: 183.836345
  type: 'test'
  ...
# Subtest: focused extcheck retains transitive Foundations boundary paths through outside suppliers
not ok 7 - focused extcheck retains transitive Foundations boundary paths through outside suppliers
  ---
  duration_ms: 67.062927
  type: 'test'
  location: '/home/lazyinspirit/Projects/prestige-math-library/tools/frontier-gate-scope.test.mjs:114:1'
  failureType: 'testCodeFailure'
  error: 'Unexpected end of JSON input'
  code: 'ERR_TEST_FAILURE'
  name: 'SyntaxError'
  stack: |-
    JSON.parse (<anonymous>)
    TestContext.<anonymous> (file:///home/lazyinspirit/Projects/prestige-math-library/tools/frontier-gate-scope.test.mjs:125:23)
    Test.runInAsyncScope (node:async_hooks:214:14)
    Test.run (node:internal/test_runner/test:1047:25)
    Test.processPendingSubtests (node:internal/test_runner/test:744:18)
    Test.postRun (node:internal/test_runner/test:1173:19)
    Test.run (node:internal/test_runner/test:1101:12)
    async Test.processPendingSubtests (node:internal/test_runner/test:744:7)
  ...
# Subtest: depcheck excludes unrelated page hygiene, multi-home and disconnected cycles
ok 8 - depcheck excludes unrelated page hygiene, multi-home and disconnected cycles
  ---
  duration_ms: 159.092511
  type: 'test'
  ...
# Subtest: depcheck retains reachable supplier item/page cycles and B-page boundaries
ok 9 - depcheck retains reachable supplier item/page cycles and B-page boundaries
  ---
  duration_ms: 169.885829
  type: 'test'
  ...
# Subtest: depsource run overlay accepts a current unspliced subject and current supplier homes
ok 10 - depsource run overlay accepts a current unspliced subject and current supplier homes
  ---
  duration_ms: 486.481248
  type: 'test'
  ...
# Subtest: manifest page diagnostics exclude unrelated broken pages, but bare checks retain them
not ok 11 - manifest page diagnostics exclude unrelated broken pages, but bare checks retain them
  ---
  duration_ms: 79.463962
  type: 'test'
  location: '/home/lazyinspirit/Projects/prestige-math-library/tools/validate-plan-frontier.test.mjs:41:1'
  failureType: 'testCodeFailure'
  error: |-
    The input did not match the regular expression /2 page subjects/. Input:
    
    'plan: 2 pages (1 A + 1 B + 0 already published), 2 new items, 0 existing ids available\n' +
      'item lists written for 2/2 planned pages — the rest are validated at PAGE level only\n' +
      'scope: 2 selected pages; full plan/items retained for identity and prerequisite context; 2 prerequisite items, 3 prerequisite pages\n' +
      '\n' +
      'reading order and declared page prerequisites:\n' +
      '     2  selected                                               1 items  <- supplier\n' +
      '     3  selected-examples                                      1 items  <- selected\n' +
      '\n' +
      'OK — declared page order is acyclic and consistent; no item-level cycles, forward\n' +
      'references, B-page dependencies, or unresolved ids among the 2 page(s) with item lists.\n'
    
  code: 'ERR_ASSERTION'
  name: 'AssertionError'
  expected:
  actual: |-
    plan: 2 pages (1 A + 1 B + 0 already published), 2 new items, 0 existing ids available
    item lists written for 2/2 planned pages — the rest are validated at PAGE level only
    scope: 2 selected pages; full plan/items retained for identity and prerequisite context; 2 prerequisite items, 3 prerequisite pages
    
    reading order and declared page prerequisites:
         2  selected                                               1 items  <- supplier
         3  selected-examples                                      1 items  <- selected
    
    OK — declared page order is acyclic and consistent; no item-level cycles, forward
    references, B-page dependencies, or unresolved ids among the 2 page(s) with item lists.
    
  operator: 'match'
  stack: |-
    TestContext.<anonymous> (file:///home/lazyinspirit/Projects/prestige-math-library/tools/validate-plan-frontier.test.mjs:46:10)
    Test.runInAsyncScope (node:async_hooks:214:14)
    Test.run (node:internal/test_runner/test:1047:25)
    Test.start (node:internal/test_runner/test:944:17)
    startSubtestAfterBootstrap (node:internal/test_runner/harness:296:17)
  ...
# Subtest: selected missing declarations and missing dependencies remain hard errors
ok 12 - selected missing declarations and missing dependencies remain hard errors
  ---
  duration_ms: 71.560323
  type: 'test'
  ...
# Subtest: published suppliers induce undeclared-prerequisite findings in selected pages
ok 13 - published suppliers induce undeclared-prerequisite findings in selected pages
  ---
  duration_ms: 70.675238
  type: 'test'
  ...
# Subtest: external item cycles in the selected dependency closure fail, disconnected cycles do not
ok 14 - external item cycles in the selected dependency closure fail, disconnected cycles do not
  ---
  duration_ms: 147.75608
  type: 'test'
  ...
# Subtest: reachable declared-prerequisite cycles remain failures
ok 15 - reachable declared-prerequisite cycles remain failures
  ---
  duration_ms: 72.118634
  type: 'test'
  ...
# Subtest: actual external supplier dependencies override stale unrelated plan metadata
ok 16 - actual external supplier dependencies override stale unrelated plan metadata
  ---
  duration_ms: 78.067347
  type: 'test'
  ...
# Subtest: definition justification discharges do not introduce spurious cycles
ok 17 - definition justification discharges do not introduce spurious cycles
  ---
  duration_ms: 77.688747
  type: 'test'
  ...
# Subtest: missing current manifests and missing manifest pages fail closed
ok 18 - missing current manifests and missing manifest pages fail closed
  ---
  duration_ms: 142.476314
  type: 'test'
  ...
# Subtest: supplier page cycles are checked through current external page inventories
ok 19 - supplier page cycles are checked through current external page inventories
  ---
  duration_ms: 71.263469
  type: 'test'
  ...
# Subtest: current manifest inventory replaces stale canonical items before splice
ok 20 - current manifest inventory replaces stale canonical items before splice
  ---
  duration_ms: 76.291364
  type: 'test'
  ...
# Subtest: native wrapper validates unspliced manifest subjects against empty canonical inventories
ok 21 - native wrapper validates unspliced manifest subjects against empty canonical inventories
  ---
  duration_ms: 288.512663
  type: 'test'
  ...
# Subtest: native wrapper rejects populated page selectors with empty manifest item scopes
ok 22 - native wrapper rejects populated page selectors with empty manifest item scopes
  ---
  duration_ms: 135.661713
  type: 'test'
  ...
# Subtest: native wrapper retains selected undeclared prerequisites and external supplier context
ok 23 - native wrapper retains selected undeclared prerequisites and external supplier context
  ---
  duration_ms: 155.57556
  type: 'test'
  ...
# Subtest: native wrapper overlays same-ID manifest dependencies and requires on stale plan subjects
ok 24 - native wrapper overlays same-ID manifest dependencies and requires on stale plan subjects
  ---
  duration_ms: 276.28145
  type: 'test'
  ...
# Subtest: run overlay rejects mismatched page selectors and ambiguous canonical item ownership
ok 25 - run overlay rejects mismatched page selectors and ambiguous canonical item ownership
  ---
  duration_ms: 352.879994
  type: 'test'
  ...
1..25
# tests 25
# suites 0
# pass 21
# fail 4
# cancelled 0
# skipped 0
# todo 0
# duration_ms 2189.138706
