TAP version 13
# Subtest: actual stage validators receive only current manifest subjects
ok 1 - actual stage validators receive only current manifest subjects
  ---
  duration_ms: 3915.286978
  type: 'test'
  ...
# Subtest: standalone external and Step 9 page gates also carry manifest selectors
ok 2 - standalone external and Step 9 page gates also carry manifest selectors
  ---
  duration_ms: 363.101857
  type: 'test'
  ...
# Subtest: future descriptors can be inspected before manifests exist; execution fails closed
ok 3 - future descriptors can be inspected before manifests exist; execution fails closed
  ---
  duration_ms: 124.055628
  type: 'test'
  ...
# Subtest: an assembled stage gate refreshes its selection from current manifests at execution
ok 4 - an assembled stage gate refreshes its selection from current manifests at execution
  ---
  duration_ms: 241.488529
  type: 'test'
  ...
# Subtest: all actual stage plan gates carry the run selector
ok 5 - all actual stage plan gates carry the run selector
  ---
  duration_ms: 1.710568
  type: 'test'
  ...
1..5
# tests 5
# suites 0
# pass 5
# fail 0
# cancelled 0
# skipped 0
# todo 0
# duration_ms 4654.944915
