# audit-refuter/a6-017-thm-contractive-implies-cauchy 2026-08-05T12:30:26.686Z

## stdout
I have read the item adversarially and checked every proof step against the quoted dependency text. I find no fatal mathematical error or incorrect citation of a dependency that would refute the theorem. The induction is correctly set up, the estimates are valid, and the Cauchy condition is properly established. Below are four nonfatal findings concerning inaccuracies and unverifiable forward references.

### FINDING 1 — NONFATAL — location: Remarks / "Where completeness is spent" bullet
CLAIM AS WRITTEN: "Only in step 10.1, through [[thm-cauchy-criterion-via-lub]]."
WHY IT FAILS: The proof uses the Cauchy criterion (L13) in **step 8.1** to conclude convergence from the Cauchy condition. Step 10.1 derives the error bound using limit properties (L14) and does not invoke L13. The remark misidentifies the step where completeness is spent.
WHAT WOULD FIX IT: Replace "step 10.1" with "step 8.1".

### FINDING 2 — NONFATAL — location: Remarks / "The bound is computable…" bullet
CLAIM AS WRITTEN: "[[ex-contractive-sequence-fixed-point]] carries out the arithmetic on a concrete iteration."
WHY IT FAILS: This is a claim about another item whose text is not provided. As an adversarial reader without access to that item, we cannot verify that it indeed does what is asserted. The audit instructions warn that such forward references are frequently false.
WHAT WOULD FIX IT: Either remove the unverifiable claim or ensure the referenced item actually supports it (adjudication impossible from the given text).

### FINDING 3 — NONFATAL — location: Remarks / "A smaller constant…" bullet
CLAIM AS WRITTEN: "for gaps that merely shrink, with no uniform $c < 1$, the conclusion fails outright ([[cex-strictly-decreasing-gaps-no-limit]])."
WHY IT FAILS: This asserts that a specific named counterexample exists and demonstrates the claimed failure. Since the text of that item is not provided, we cannot verify the assertion. It is an unverifiable forward reference.
WHAT WOULD FIX IT: Similar to Finding 2.

### FINDING 4 — NONFATAL — location: step 1.4
CLAIM AS WRITTEN: "By [L11] fix $J \in \mathbb{N}$ with $c^{\,j} < \delta$ for every $j \ge J$."
WHY IT FAILS: L11 (via [[lem-geometric-sequence-null]] and [[def-real-limit]]) guarantees $c^j \to 0$ in the sense that for every **rational** $\varepsilon > 0$ there exists $J$ with $c^j < \varepsilon$ for $j \ge J$. The $\delta$ constructed here is $\varepsilon/(2(A+1))$, a real number that need not be rational. The step does not bridge the gap from the rational-$\varepsilon$ definition to the real $\delta$ needed. A competent reader can close the gap in seconds (e.g., by picking a rational $r$ with $0<r<\delta$), so this is not fatal.
WHAT WOULD FIX IT: Insert a short justification: “choose a rational $r$ with $0 < r < \delta$; by L11 there exists $J$ such that $c^j < r < \delta$ for all $j \ge J$.”

0 fatal, 4 nonfatal

## stderr

