# audit-refuter/a6-079-lem-compact-closed-balls-in-a-locally-compact-metric-space 2026-08-05T13:58:45.382Z

## stdout
### FINDING 1 — NONFATAL — location: Proof steps 1.2, 2.3, 5.1
CLAIM AS WRITTEN:
```
1.2 Let r be a real with 0 < r < r_0. [given]
...
2.3 Put r := \min\{s, r_0\}/2 …
...
5.1 … so \bar B(x,r) is a compact subset of X; this is claim 1.
```
WHY IT FAILS:
The proof introduces `r` in step 1.2 as an **arbitrary** real in `(0, r_0)` to establish claim 1 for all such `r`.  
Step 2.3 then **re‑assigns** `r` to a specific value that depends on `s`.  
The subsequent steps 3.1–5.1 are performed with this specific `r`, and step 5.1 declares “this is claim 1”.  
But claim 1 is a **universal** statement over every `r ∈ (0, r_0)`; at the point of step 5.1 the proof has only treated a particular `r`. As written, the inference that claim 1 has been proved is logically invalid.  

(Notice that the argument of 3.1–5.1 actually uses **only** the facts `0 < r < r_0`, so it would be correct for any such `r`; the defect is that the text does **not** state this generalisation and the variable reuse breaks the logical thread.)

WHAT WOULD FIX IT:
Restructure the proof to separate the two claims cleanly.  
For claim 1, let `r` be arbitrary in `(0, r_0)` and carry out the reasoning that ends with “`\bar B(x,r)` is compact” **without** the redefinition in 2.3.  
For claim 2, introduce a **new** variable (e.g. `ρ = min{s, r_0}/2`) and then apply the already‑proved claim 1 to `ρ`.

**0 fatal, 1 nonfatal**

## stderr

