# audit-refuter/a6-002-thm-monotone-convergence 2026-08-05T12:21:25.234Z

## stdout
```
### FINDING 1 — NONFATAL — location: Remarks 3 and 4

CLAIM AS WRITTEN:
- (Remark 3) "this is what makes [[cor-monotone-converges-iff-bounded]] an equivalence rather than a one-sided statement."
- (Remark 4) "a nondecreasing sequence that is not bounded above diverges to $+\infty$ ([[lem-monotone-unbounded-diverges]])"

WHY IT FAILS:
These Remarks assert properties of other library items (`cor-monotone-converges-iff-bounded` and `lem-monotone-unbounded-diverges`) that are **not** listed in the item’s dependencies and whose text is not supplied with this audit.  Consequently the claims about them cannot be verified from the given material.  If those items do not exist or do not state what the Remarks imply, the Remarks would be inaccurate.  This does not affect the validity of the theorem’s statement or proof, but it means the Remarks are unverifiable cross‑references.

WHAT WOULD FIX IT:
Either include the referenced items in the dependencies (so their statements can be checked) or remove the unverifiable cross‑references, limiting the Remarks to facts that follow from the declared dependencies.

---

### Overall assessment

I performed a thorough adversarial reading of the theorem statement, every proof step, and every declared dependency that was quoted verbatim.  In particular I checked:

- the title against the statement (they match exactly);
- the logical structure of the two cases (nondecreasing / nonincreasing);
- the application of the least‑upper‑bound property (`def-complete-ordered-field`) and the greatest‑lower‑bound property (`thm-infimum-property`) to assert existence of supremum/infimum;
- the use of `lem-sup-unique` for uniqueness;
- the epsilon characterisations `lem-sup-epsilon` and `lem-inf-epsilon` (they are cited correctly and their hypotheses are satisfied);
- the monotonicity steps together with the definition `def-monotone-sequence`;
- the algebra that yields the absolute‑value bounds and the appeal to `lem‑of‑abs‑value`;
- the transition from “for every real ε>0” to the rational‑ε definition of convergence (`def-real-limit` and `def-sequence`), which is logically sound;
- the absence of any hidden choice principles or missing hypotheses.

**No fatal defects were found.**  The proof is mathematically correct, every step is licensed by the cited dependencies, and the title agrees with what is proved.

0 fatal, 1 nonfatal
```

## stderr

