# audit-refuter/a6-119-fs-connected-subsets-of-rn-are-polygonally-connected 2026-08-05T15:11:38.931Z

## stdout
After an adversarial review of the item `fs-connected-subsets-of-rn-are-polygonally-connected`, I find no fatal defects. Below is a summary of what I checked and why the proof holds.

### Checks performed
- **Logical structure:** The refutation assumes the false claim [A1] for contradiction, uses the fact that $S^1$ is connected ([L1]) to obtain a polygonal path in $S^1$ from $e_0$ to $-e_0$, then derives a contradiction because any such path would contain a straight segment between distinct points of $S^1$ whose midpoint has norm $<1$ ([L3]) and therefore cannot lie in $S^1$. The contradiction forces [A1] to be false. This is a valid proof by contradiction.
- **Dependency fidelity:**  
  - `cor-euclidean-spheres-are-path-connected` states exactly that for $n \ge 2$, $S^{n-1}\subseteq \mathbb R^n$ is path‑connected and connected. Taking $n=2$ gives the required connectedness of $S^1$.  
  - `def-polygonal-path-and-polygonal-connectedness` defines a polygonal path in $A$ as a map $[0,1]\to A$ with a finite vertex list and linear interpolation. The definition directly implies that the image of the subinterval between successive vertices is the straight segment between them and is contained in $A$. Hence step 2.1 is justified.  
  - `def-euclidean-inner-product` defines the Euclidean inner product and the norm $\lVert\cdot\rVert_2$. From its bilinearity and positive definiteness one derives the identity $\lVert(u+v)/2\rVert_2^2 = 1 - \lVert u-v\rVert_2^2/4$ for unit vectors $u,v$, and strict inequality when $u\neq v$. Thus [L3] is correctly licensed by the cited dependency (together with the elementary vector‑space operations).  
  - `def-norm-and-normed-space` is cited but not strictly needed; its presence does not harm the argument.
- **Step‑by‑step validity:**  
  - 1.1: [A1] + [L1] legitimately yields a polygonal path in $S^1$ between the given distinct points.  
  - 2.1: A finite vertex list with distinct endpoints must contain adjacent distinct vertices; the straight segment between them is in $S^1$ because the path maps into $S^1$ by definition.  
  - 3.1: The midpoint of that segment is $(u+v)/2$; by [L3] its norm is $<1$, so it does not belong to $S^1$, contradicting 2.1.
- **Title vs. content:** The title declares the statement false, and the refutation proves exactly that by providing a counterexample.
- **Choice principle:** No choice principle is used; the argument is purely constructive/contradiction‑based.
- **Undefined symbol $e_0$:** The symbol is not formally defined in the item, but it clearly denotes some point of $S^1$ (e.g., $(1,0)$). The proof works for any distinct points in $S^1$, so this does not affect logical validity. Per the given instructions this is a permissible minor quirk and is not reported as a defect.

**Conclusion:** The item is mathematically accurate and logically sound; the dependencies supply exactly what is needed.

```
0 fatal, 0 nonfatal
```

## stderr

