# audit-refuter/edge-prop-04 2026-08-05T12:32:17.878Z

## stdout
```
### FINDING 1 — NONFATAL — location: `thm-continuity-characterised-by-nets` / dependency declaration
CLAIM AS WRITTEN: The dependency `thm-continuity-characterisations-top` is declared in the item’s `deps` block but the target is **never wikilinked in the body** — no fact, step, or remark cites it.
WHY IT FAILS: The dependency is not actually used in the reasoning; it is either a stale declaration left over from an earlier draft or a use that lost its citation during editing. The mathematics of the item is unaffected, but the dependency list is inaccurate.
WHAT WOULD FIX IT: Either remove the unused dependency from the `deps` block or add the missing citation at the place where the theorem is actually applied.

---

### FINDING 2 — NONFATAL — location: `thm-dini` [L3]
CLAIM AS WRITTEN: “A supremum is an upper bound of its set ([[def-complete-ordered-field]], [[lem-sup-unique]]).”
WHY IT FAILS: The target `lem-sup-unique` states that if two numbers are both least upper bounds of a set then they are equal (and similarly for infima). It does **not** state that a supremum is an upper bound of its set. The claim is actually licensed by `def-complete-ordered-field` (which defines the least-upper-bound property). Citing `lem-sup-unique` for this specific fact is a miscitation.
WHAT WOULD FIX IT: Remove the citation to `lem-sup-unique` from this claim, or replace it with a reference that directly gives the upper‑bound property. The step remains mathematically correct because `def-complete-ordered-field` already supplies the stated fact.

---

### FINDING 3 — NONFATAL — location: `ex-continuous-functions-on-the-unit-interval-with-the-sup-metric` [L3]
CLAIM AS WRITTEN: “the supremum is an upper bound of its set and the least one ([[lem-sup-metric-is-a-metric]], [[def-complete-ordered-field]], [[lem-sup-unique]]).”
WHY IT FAILS: As above, `lem-sup-unique` only gives uniqueness of suprema and infima, not that a supremum is an upper bound or the least upper bound. The upper‑bound / least‑upper‑bound properties are supplied by `def-complete-ordered-field`. The citation of `lem-sup-unique` for this claim is inaccurate.
WHAT WOULD FIX IT: Delete the reference to `lem-sup-unique` from this claim, or confine it to a separate clause about uniqueness if the text is later expanded.

---

### FINDING 4 — NONFATAL — location: `lem-uniform-convergence-in-the-uniform-metric` [L3]
CLAIM AS WRITTEN: “$\bar\rho(g,h)$ is an upper bound of … and is the least one; … ([[lem-uniform-metric-on-a-function-space]], [[def-complete-ordered-field]], [[lem-sup-unique]]).”
WHY IT FAILS: Again, `lem-sup-unique` proves uniqueness of suprema, not that a particular number is an upper bound or the least upper bound. Those properties follow from the definition of the function (and from `def-complete-ordered-field`). Citing `lem-sup-unique` for them is a miscitation.
WHAT WOULD FIX IT: Remove the citation to `lem-sup-unique` from this sentence, or add a separate statement about uniqueness and cite it there.

---

**Other targets checked**

- `thm-continuity-characterisations-top`: the ten citing uses either reference the theorem by clause number (which faithfully picks out the stated equivalence) or invoke the equivalence between continuity and open preimages / pointwise form exactly as the theorem provides. No misrepresentations.
- `thm-heine-borel-rn`: all ten citing uses correctly state the Heine‑Borel property (compact iff closed and bounded) or one of its directions, matching the statement of claim 2 or claim 3.
- `lem-countable-iff-surjection-from-n`: the nine citing uses faithfully state the surjection‑characterisation of countability (e.g., “every nonempty at most countable set is a surjective image of ℕ”) and do not attribute any false claim to the lemma.

0 fatal, 4 nonfatal
```

## stderr

