# audit-refuter/a6-001-lem-convergence-in-the-pointwise-topology 2026-08-05T12:50:21.167Z

## stdout
```
### FINDING 1 — NONFATAL — location: Facts & Assumptions, [L6]
CLAIM AS WRITTEN:
> the nonempty finite set of reals {ι(k_0), ..., ι(k_{n-1})} has a maximum, attained at some index, and ι is strictly increasing on ℕ, hence reflects the order ([[lem-finite-set-has-max]], [[def-max-min]], [[lem-of-naturals-positive]], [[def-canonical-natural]]).

WHY IT FAILS:
The justification appeals to properties of the real numbers ℝ (via `lem-finite-set-has-max`, which concerns subsets of ℝ, and `lem-of-naturals-positive`, which requires an ordered field).  
The item’s Given declares ι as the canonical natural of ℝ, but **no dependency is declared that establishes ℝ is a field or an ordered field**. The cited lemmas therefore do not fully license the claim without the missing hypothesis that ℝ is an ordered field.  
The statement of L6 itself (a finite nonempty set of natural numbers has a maximum) is true and can be proved without ℝ; the defect is the incomplete citation chain in the stated justification.

WHAT WOULD FIX IT:
Either add the missing dependency on the definition of ℝ as an ordered field, or (better) replace the justification with a direct argument using the well‑ordering of ℕ and induction, avoiding the real numbers entirely. The second option removes the undeclared dependency and simplifies the reasoning.

---

**Checks performed:**  

- The forward direction (1.1→2.1→3.1) correctly uses the definition of the pointwise topology, the neighbourhood characterisation of convergence, and the fact that each projection pre‑image is an open neighbourhood.  
- The converse direction (1.2→2.2→3.2/3.3→4.1→5.1) correctly picks a basic open neighbourhood from the product basis, uses pointwise convergence at the finitely many constraining points to obtain a uniform index via the well‑ordering of ℕ and the maximum of finitely many naturals, and concludes convergence.  
- Every numbered step is licensed by the listed `[L#]` facts, and those facts in turn are supported by the quoted dependency text (with the caveat in Finding 1 about the justification of L6).  
- No choice principle is used; the proof’s claim in the Statement about the selections is accurate.  
- The title matches the proved equivalence.  
- Remarks contain no false mathematical claims within the item’s own scope.

`0 fatal, 1 nonfatal`
```

## stderr

