# audit-beta/topology-function-spaces-apply 2026-08-05T11:10:09.251Z

## stdout
A4 is complete for the `topology-function-spaces` batch. Everything the A3 receipt assigned to me is applied and every gate that can run against this batch alone is green.

## Applied

**Two material F1 repairs** (A3 §1 — confirmed falsehood). Both items told the reader the library lacks machinery it has:

- `rem-function-space-conventions` §1 — "Compactness for an arbitrary topological space is developed only later… it is unavailable on this page" → now states it is developed *earlier* and available, and that the metric domain is a scope choice inherited from `def-compact-open-topology`.
- `thm-the-exponential-law` Remark 2 — "this library defines compactness only for metric spaces" → now names the *real* obstruction (`def-compact-open-topology` is stated for a metric domain, and `Z`/`X × Z` carry no metric), keeping the theorem, the refusal to claim a homeomorphism, and the residual covering requirement intact.

I re-verified the disk facts myself rather than trusting the receipt: `def-compact-space` and `lem-tube-lemma-for-a-compact-factor` are published on `compactness.md`, which is earlier because an item on *this* page declares the tube lemma in `deps` with no `forward_refs`.

**Two contract-blocking fact deletions** (A3 §2) — the unused `[L4]` and `[L8]`. My A2 recommendation to leave them was wrong: `proof-contract --strict` is a hard gate at A4, so "no repair" was a `gate-failed` halt. Verified uncited by tag census before deleting; both were the last label, so no renumbering; `deps` left untouched.

**Bulk retag of all 33 items** — pure frontmatter, one stage snapshot, no stamp touched. Distribution: 11 `literature-derived`, 21 `ai-altered`, 1 `ai-generated`.

Stale stamps deleted on the four material repairs; I wrote no `verified`/`audited` — A6 owns that.

| gate | result |
|---|---|
| `proof-contract --strict` | **0 errors, 25/25** (was 4 `citation-uses` errors here) |
| `precheck` (33) | 25 checked, 0 failing |
| `depcheck --pending-audit-ok` | exit 0 |
| `content-policy --audit` | 33 scoped, 0 errors, 1 expected warning |
| `finite-smoke` / `risk-report` | 0 errors; `risk_review` pending for Alpha at A6 |

## Two things need your call

**1. I found a third false clause of the same class, and did not apply it.** `rem-function-space-conventions` §6 says `def-locally-compact-metric-space` is "a metric special case of a notion this library does not yet define in general." `items/def-locally-compact-space.md` is published on the same earlier `compactness.md` page, so that is false — the identical decay pattern as F1, in the same item, which **I missed at A2**, so A3 never licensed it. A3 approval is the only gate between proposal and application, so I recorded it as F2 with a drafted repair rather than acting. The item is already unstamped and awaiting A6, so applying it there costs no extra judge or certification call.

**2. A3 left a URL asymmetry in this batch.** §8.1 counts "22 + 7 of 33 `function-spaces` items" as the largest instance of the book-title/stand-in-URL problem and says "§5 repairs it by addition" — but §5 has subsections for the other three batches and none for mine. I added no URLs, since A4 applies what A3 approved. No gate fails without them (all 33 already carry a reference URL), and my ledger already holds the clause-carrying replacements whenever it's licensed.

Two notes for whoever reads the ledger next: `touchlog report --min 2` flags `rem-function-space-conventions` as "repaired more than once" — it was repaired once, and the count is an artifact of my correcting my own wording across a snapshot boundary (the wave-2 phantom in miniature). And a sibling Beta is writing per-item snapshots into the shared `wave5-touches.json` concurrently.

Nothing is committed — A4 isn't a publish point, and the working tree also holds the other three Betas' in-flight work.


## stderr

