# audit-refuter/a6-064-cex-pointwise-bounded-but-not-equicontinuous 2026-08-05T13:36:44.082Z

## stdout
I have read the item adversarially against every provided dependency text. The core counterexample is mathematically sound: the moving spikes are pointwise bounded (values in $[0,1]$) and continuous, but they are not equicontinuous at $0$. The reasoning in the numbered steps is valid and properly licensed by the cited definitions and lemmas. I found no fatal defect in the statement, proof, or title.  

Two non‑fatal issues in the Remarks are reported below.

### FINDING 1 — NONFATAL — location: Remarks, third bullet (and echoed in first bullet)
CLAIM AS WRITTEN:  
> "the $1$-Lipschitz maps of the previous example are equicontinuous and not pointwise bounded"  
> (and similarly “the previous example on this page” in the first bullet).

WHY IT FAILS:  
The audit provides only the current item and its declared dependencies. The referenced “previous example” is not among the provided dependencies, so the claim about its properties cannot be verified. The audit instructions explicitly warn that remarks asserting how other items use this one are frequent falsehoods and must be flagged when they cannot be checked from the given text. Additionally, the phrase “on this page” is a likely error – the current page is a single counterexample, not a multi‑item page.

WHAT WOULD FIX IT:  
Either include the referenced example as a documented dependency (and ensure the claim is correct) or remove the unverifiable cross‑reference and correct the wording (e.g., drop “on this page”).

### FINDING 2 — NONFATAL — location: Remarks, first bullet
CLAIM AS WRITTEN:  
> “That is the contrast with the previous example on this page, where fixing the constant at $1$ is exactly what produced uniform equicontinuity.”

WHY IT FAILS:  
The phrase “on this page” is inaccurate – the item is a standalone counterexample. This is a minor textual inconsistency, not a mathematical error.

WHAT WOULD FIX IT:  
Replace “on this page” with a correct reference to the other item, or simply remove the phrase.

**Checked:**  
- The definition of pointwise bounded (def‑equicontinuity, def‑metric‑bounded‑diameter) and its application to the spikes.  
- The continuity of each $f_k$ via the finite closed cover lemma (lem‑continuity‑is‑local‑and‑pastes) and the explicit formulas.  
- The refutation of equicontinuity at $0$: the choice of $k$ for any given $\delta$ using the reciprocal Archimedean property (cor‑archimedean‑reciprocal) and the order properties of the canonical naturals (lem‑of‑naturals‑positive, lem‑of‑inverse‑positive).  
- The logical structure: the family is pointwise bounded (step 1.1), consists of continuous functions (step 1.2), fails the equicontinuity condition at $0$ (steps 1.3–3.1), hence refutes the claimed implication (step 4.1).  
- Every citation: the stated facts are either given in the item itself or are directly extractable from the quoted Statement/Definition texts of the dependencies.  

0 fatal, 2 nonfatal

## stderr

