# audit-refuter/a6-034-thm-uniform-limit-theorem 2026-08-05T13:02:17.665Z

## stdout
### Summary of mathematical verification

I examined every proof step, the statement, the facts block, and the dependencies as provided. The logic of the three claims is valid:

- **Claim 1** (ε/3 criterion) is proved by a standard estimate using the definition of continuity (L1), the fact that metric balls form a base (L2), the triangle inequality (L3), and the given approximation hypothesis.  
- **Claim 2** (uniform limit theorem) follows directly from Claim 1 and the definition of uniform convergence (L4).  
- **Claim 3** (closedness of \(C(X,Y)\)) is derived by combining Claim 1 with the metric‑closure characterisation (L5) and the infimum characterisation (L6); the proof correctly avoids countable choice by using a single existential instantiation rather than building a sequence.  

All citations are accurate for the inferences they support. No hidden choice principle is used; the reasoning is choice‑free as advertised. I found **no fatal mathematical defects**.

The only issue encountered is that two remarks make cross‑references to other pages not supplied in this audit; their truth cannot be verified here.

---

### FINDING 1 — NONFATAL — location: Remarks (first and second bullet points)

**CLAIM AS WRITTEN:**  
- “the companion page exhibits exactly that collapse.”  
- “In the pointwise topology \(C(X,Y)\) is in general **not** closed, and the companion page carries a witness on \([0,1]\).”  
- “Claim 3 is what makes \(C(X,Y)\) a complete space when \(Y\) is complete, by the next item”

**WHY IT FAILS:** These sentences assert the existence and content of a “companion page” and a “next item” that are not provided in the audit dispatch. Their correctness cannot be checked against the given text. If any of these cross‑references are false, they would be erroneous claims in a published page.

**WHAT WOULD FIX IT:** Either supply the referenced items for verification or weaken the wording (e.g., “a companion page is intended to exhibit…”). If the statements are already correct, no change is needed; the finding simply records that verification was impossible here.

---

0 fatal, 1 nonfatal

## stderr

