# audit-refuter/a6-031-thm-radial-straight-line-map-on-punctured-rn 2026-08-05T13:13:04.639Z

## stdout
### FINDING 1 — FATAL — location: Step 1.2 / [L4] (the Facts‑block entry)

**CLAIM AS WRITTEN:**  
> Thus \(c(x,t)\) is continuous by [L1] and the algebra rules in [L4].

**WHY IT FAILS:**  
The continuity of the scalar function \(c(x,t)=(1-t)+t/\lVert x\rVert_2\) on \(P\times[0,1]\) is not licensed by the cited dependencies.  

* [L1] ([[lem-radial-normalisation-is-continuous]]) states only that the vector‑valued map \(\rho(x)=x/\lVert x\rVert_2\) is continuous; it does **not** give continuity of the real‑valued function \(1/\lVert x\rVert_2\).  
* The “algebra rules” in [L4] refer to [[thm-algebra-of-continuous-functions]] and [[thm-componentwise-limits-and-continuity]].  
  – [[thm-algebra-of-continuous-functions]] explicitly restricts its domain to \(A\subseteq \mathbb R\) (its Statement: *“Let \(A\subseteq\mathbb R\), let \(f,g:A\to\mathbb R\) …”*).  It does **not** apply to functions on \(P\times[0,1]\) or on \(P\).  
  – [[thm-componentwise-limits-and-continuity]] provides sums, scalar multiples, inner products (hence products of real‑valued functions) and norms for **metric‑space** domains, but it does **not** contain a quotient rule or a lemma that the reciprocal of a nowhere‑zero continuous function is continuous.  

No other cited dependency supplies the missing “\(1/\lVert x\rVert_2\) is continuous” (nor the required composition lemmas).  Hence the inference that \(c(x,t)\) is continuous is unlicensed, and the proof that \(H\) is continuous collapses.

**WHAT WOULD FIX IT:**  
Either  
* rewrite the proof to avoid the orphan scalar \(1/\lVert x\rVert_2\) (e.g. use \(H(x,t)=(1-t)x + t\rho(x)\) together with componentwise continuity and the product‑universal property, properly citing the needed topological algebra and composition facts), or  
* add dependencies that supply the continuity of the reciprocal on general metric/topological spaces and the preservation of continuity under composition.

---

### FINDING 2 — NONFATAL — location: Step 1.2

**CLAIM AS WRITTEN:**  
> Componentwise continuity in [L4] makes \(H\) continuous as a map into \(\mathbb R^n\).

**WHY IT FAILS:**  
The cited [[thm-componentwise-limits-and-continuity]] is stated for **metric spaces**; the proof does not verify that \(P\times[0,1]\) (with the product topology) is a metric space, nor that metric continuity coincides with the topological continuity used elsewhere.  However, the product universal property ([[thm-product-universal-property]], part of [L2]) already gives the purely topological fact that a map into \(\mathbb R^n\) (a finite product) is continuous exactly when its coordinate functions are continuous.  The claim is true, and the gap is trivially closed by using the correct citation.

**WHAT WOULD FIX IT:**  
Replace the reference to [L4] for this point with a reference to the characteristic property in [[thm-product-universal-property]] (already [L2]).

---

1 fatal, 1 nonfatal

## stderr

