# audit-refuter/a6-044-ex-sierpinski-space-is-t0-normal-and-not-regular 2026-08-05T13:08:33.211Z

## stdout
```
### FINDING 1 — NONFATAL — location: Remarks, first paragraph
CLAIM AS WRITTEN: "This page leaves the converse open; it is refuted later by [[fs-every-regular-space-is-normal]]."
WHY IT FAILS: The text of the cited item `fs-every-regular-space-is-normal` is not provided in this audit. The remark asserts that this other item refutes the converse (presumably that "regular implies normal" is false). While the mathematical claim that regular does not imply normal is correct, we cannot verify from the given dependencies that the referenced item exists, makes the claimed refutation, or is correctly cited. As an adversarial reader, we flag this as an unverifiable cross‑reference.
WHAT WOULD FIX IT: Either supply the dependency text for `fs-every-regular-space-is-normal` to confirm the claim, or remove the unverifiable reference and simply state the mathematical fact without relying on an unseen item.
```

**Checked and found no fatal defects:**
- The topology and closed sets are correctly computed (step 1.1).
- T0 is correctly verified (step 1.2).
- Not T1 and not Hausdorff are correctly proved using the singleton-closed criterion and the open-set structure (step 2.1).
- The closed-set intersections are correctly listed, establishing that no two disjoint nonempty closed sets exist (step 2.2).
- The space is not regular because the only open set containing the closed point is the whole space, making separation impossible (step 2.3).
- Normality follows vacuously from the absence of disjoint nonempty closed sets; the empty-set case is handled explicitly and is licensed by the definition (step 3.1).
- All citations ([L1]–[L3], [A1]–[A2]) accurately reflect the content of the declared dependencies; no missing hypotheses or unlicensed inferences were found.
- No choice principles are used, and none are required.
- The title’s first part faithfully summarises the proved properties; the subtitle is informal commentary and does not introduce a false claim.

0 fatal, 1 nonfatal
```

## stderr

