# audit-refuter/a6-057-cor-cardinal-functions-detect-countability-axioms 2026-08-05T13:28:53.002Z

## stdout
### FINDING 1 — FATAL — location: Facts & Assumptions [L1] / steps 1.1, 1.2, 1.3

CLAIM AS WRITTEN:  
`[L1] The minima defining w(X), d(X), χ(x,X) and L(X), and the suprema defining χ(X) and c(X), exist as cardinals ([[lem-weight-is-well-defined]], [[lem-density-is-well-defined]], [[lem-character-is-well-defined]], [[lem-lindelof-degree-is-well-defined]], [[lem-cellularity-is-well-defined]]).`  

Later steps use [L1] to assert the concrete meanings of the cardinal‑function inequalities, e.g. step 1.1: “w(X) and d(X) are the least cardinalities of a basis and a dense subset, respectively”, step 1.2: “L(X) ≤ ℵ₀ says that every open cover has a subcover of at most countable cardinality, and c(X) ≤ ℵ₀ says that every pairwise‑disjoint family of nonempty open sets is at most countable”, and step 1.3: “χ(X) ≤ ℵ₀ exactly when every point has a local base of cardinality at most ℵ₀”.

WHY IT FAILS:  
The cited lemmas (as quoted below) do **not** supply the needed definitions for d(X), χ(x,X), L(X), and c(X). They only assert that these objects are well‑defined cardinals under choice, without stating **what they are** (the specific minima or suprema over which collections).

- `lem-density-is-well-defined` – statement: “Assuming choice, d(X) is a well-defined cardinal.”  
  Nowhere does it say that d(X) is the least cardinality of a dense subset.
- `lem-character-is-well-defined` – statement: “Assuming choice, every χ(x,X) and the raw supremum χ(X) are well-defined cardinals.”  
  It does not say that χ(x,X) is the minimal cardinality of a local neighbourhood base at x.
- `lem-lindelof-degree-is-well-defined` – statement: “Assuming choice, L(X) is a well-defined cardinal.”  
  It does not say that L(X) is the least cardinal κ such that every open cover has a subcover of size ≤ κ.
- `lem-cellularity-is-well-defined` – statement: “Assuming choice, c(X) is a well-defined cardinal.”  
  It does not say that c(X) is the supremum of the sizes of pairwise‑disjoint families of nonempty open sets.

The only lemma that actually defines the cardinal function it names is `lem-weight-is-well-defined`, which states that w(X) is the least member of the collection of cardinalities of bases. For the other four functions the quoted dependencies are silent. Consequently the item’s summary in [L1] is not justified by the very sources it cites, and the proof’s interpretation of the inequalities is unlicensed. The equivalences themselves are mathematically correct given the standard definitions, but the proof does not ground those definitions in the declared dependency text.

WHAT WOULD FIX IT:  
The item must either cite separate definition items for density, Lindelöf degree, character, and cellularity that explicitly state what each cardinal function measures, or the well‑definedness lemmas must be expanded to include those definitions in their statements. The proof would then appeal to those definitions for the meaning of the inequalities, while the lemmas serve only to guarantee that the defined cardinals exist.

`1 fatal, 0 nonfatal`

## stderr

