# audit-refuter/a6-003-lem-peak-monotone-subsequence 2026-08-05T12:50:21.170Z

## stdout
### FINDING 1 — NONFATAL — location: Remarks (third paragraph)
CLAIM AS WRITTEN:
> "it is [[cor-monotone-converges-iff-bounded]], not this lemma, that consumes the least-upper-bound property inside [[thm-bolzano-weierstrass]]"

WHY IT FAILS: The remark makes a cross‑item claim about how the library’s Bolzano‑Weierstrass theorem and a corollary are assembled.  The items `cor-monotone-converges-iff-bounded` and `thm-bolzano-weierstrass` are not among the dependencies given for this review; therefore I cannot verify the assertion.  If it is false, the page contains an inaccurate statement.  (The instruction for adversarial reading of Remarks notes that cross‑item claims are a frequent source of falsehood and should not be passed silently.)

WHAT WOULD FIX IT: Either remove the claim, or verify it against the actual items and correct if necessary (not possible from here).

---

**Overall assessment**

I read every proof step and checked every cited dependency against the verbatim text supplied.  The mathematics is correct:

- The two cases are logical negations, so the case split is exhaustive without any completeness or choice.
- The definitions of “peak,” the set \(P\), and the sets used in the constructions are well‑formed.
- The well‑ordering principle (L2) is applied only to nonempty subsets of \(\mathbb{N}\), and those are indeed nonempty under the respective case hypotheses.
- The recursion theorem (L1) is applied to valid sets and functions; the constructed functions \(f\) and \(h\) are well‑defined without choice because each picks a *least* element.
- The index maps \(g\) and \(g'\) are shown to satisfy consecutive strict inequality, so by L3 they are strictly increasing, hence by L5 they give subsequences.
- The order comparisons in the two cases yield the consecutive conditions that L4 requires for nonincreasing (case (i)) and increasing (case (ii)); therefore both subsequences are monotone.
- The only property of \(\mathbb{R}\) used is trichotomy of the order (L8), which is correctly cited from the ordered‑field axioms.

I found no fatal mathematical error, no missing hypothesis, and no incorrect citation of a dependency for a claim it does not make.  The sole non‑fatal flag is the unverifiable cross‑reference in the Remarks.

**0 fatal, 1 nonfatal**

## stderr

