# audit-refuter/a6-114-fs-first-countable-spaces-are-second-countable 2026-08-05T14:57:39.726Z

## stdout
### FINDING 1 — FATAL — location: step 1.2
**CLAIM AS WRITTEN:**  
> 1.2 If $\mathcal B$ is any basis of $D$, then for each $x\in D$ some $B_x\in\mathcal B$ satisfies $x\in B_x\subseteq\{x\}$, so $B_x=\{x\}$ and $\mathcal B$ contains every singleton. [L1]

**WHY IT FAILS:**  
The step relies on the defining property of a topological basis: for any open set $U$ and any $x\in U$ there exists a basis element $B$ with $x\in B\subseteq U$. Neither [L1] nor any other listed dependency supplies this property.  
- [L1] (from `def-standard-topologies`) states: “Every subset of a discrete space is open.” This does **not** define or describe bases.  
- The declared dependencies do **not** include `def-topology-basis-subbasis`, where the definition of a basis is given.  
Therefore the inference from “$\mathcal B$ is a basis” and “$\{x\}$ is open” to the existence of such $B_x$ is **unlicensed** by the provided facts. The proof is incomplete as written.

**WHAT WOULD FIX IT:**  
Add `def-topology-basis-subbasis` to the dependency list and cite it explicitly in step 1.2 (or incorporate the defining property of a basis into the Facts & Assumptions). For example:  
*“If $\mathcal B$ is any basis of $D$, then by definition of a basis (`def-topology-basis-subbasis`), for the open set $\{x\}$ (by [L1]) there exists $B_x\in\mathcal B$ with $x\in B_x\subseteq\{x\}$, hence $B_x=\{x\}$.”*

**Other checks performed:**  
- The counterexample $(D,\mathcal P(\mathbb R))$ is a valid topological space (covered by `def-standard-topologies`).  
- Step 1.1 correctly verifies first‑countability using the definition from `def-first-countable-top`.  
- Step 2.1 correctly combines the results to show $D$ is not second‑countable, assuming step 1.2 is repaired.  
- No hidden choice principles are used; the cardinality argument follows from `thm-r-uncountable`.

1 fatal, 0 nonfatal

## stderr

