# audit-refuter/a6-102-lem-countable-local-bases-can-be-open-and-decreasing 2026-08-05T14:40:09.667Z

## stdout
### Adversarial reading completed

I have examined the statement, proof, and every cited dependency of 
`lem-countable-local-bases-can-be-open-and-decreasing` and tried to refute it.  
The proof is logically valid: from the at most countable neighbourhood base
given by first countability it produces a sequence of open sets that is
decreasing and still a neighbourhood base.  Every step is licensed by the
declared dependencies or by basic definitions of the library.  No choice
principle beyond what the library already assumes is used, and the reasoning
contains no false claims.  Minor citational gaps (e.g. the proof does not cite
a definition of interior, and the fact that finite intersections of open sets
are open is not separately referenced) are all within the 30‑second closure
rule and are explicitly acceptable under the audit’s standing rule.

**Key checks performed**  
- The given local base is indeed nonempty (otherwise it could not satisfy the
  neighbourhood‑base condition).  
- The enumeration via `lem-countable-iff-surjection-from-n` is valid for a
  nonempty at‑most‑countable set and introduces no choice.  
- The interior of each `B_n` correctly contains `x` because `B_n` is a
  neighbourhood.  
- The finite intersections `V_n` are open, contain `x`, and satisfy
  `V_{n+1} ⊆ V_n`.  
- For any neighbourhood `N` of `x` there is some `B_n ⊆ N`; then
  `V_n ⊆ B_n ⊆ N`, so `{V_n}` is a neighbourhood base.  
- The statement matches the title and the dependencies’ intentions.  

0 fatal, 0 nonfatal

## stderr

