# audit-refuter/thm-fat-cantor-set-has-positive-measure 2026-08-09T06:47:34.522Z

## stdout
```text
VERDICT: CLEAN
BOUNDARY: The set S is nonempty (contains 0,1), so no empty-set issues.  
The induction base n=0 is treated explicitly (N_0=1, separation vacuous).  
All endpoints of the retained intervals are proved to belong to S (step 1.4),  
and the removed intervals are open (step 2.1), so no boundary-point ambiguity.  
The proof uses only formula-defined choices (the contradiction cover, the  
bijection J, the finite lists e^{(n)}), so no choice principles are invoked.  
The statement is not an equivalence, so no forward/reverse iff checks apply.  
All indexed sums and series converge appropriately, and the geometric-series  
bound ∑4⁻¹2⁻ⁿ = 2⁻¹ is correctly applied.  No counterexample is possible.
SOURCES: Inspected the supplied full texts of def-fat-cantor-set,  
def-measure-zero-and-content-zero, def-nowhere-dense-meager,  
thm-heine-borel-characterisation-r, def-open-cover-r, def-bounded-set,  
def-perfect-set-r, lem-nondegenerate-interval-is-not-null,  
thm-n-cross-n-countable, def-injection-surjection-bijection, def-finite-sum,  
lem-finite-sum-laws, def-series, def-interval, def-integer-power,  
lem-power-laws, thm-open-set-algebra-r, def-open-and-closed-in-r,  
def-limit-point-r, def-interior-closure-boundary-r,  
thm-closure-characterisations-r, def-neighbourhood-r, thm-geometric-series,  
thm-nonnegative-series-bounded-partial-sums, thm-induction-principle,  
thm-well-ordering-principle, lem-nat-trichotomy, def-nat-order,  
lem-geometric-sequence-null, def-real-limit, def-complete-ordered-field,  
def-ordered-field, cor-of-one-positive, lem-of-add-order, lem-of-sign-rules.  
Every cited fact is used within the scope and direction recorded in L1–L10.
CHECKED: The title, the public statement (all four claims), every numbered  
proof step (1.1–4.1), and the Remarks were read in full; no mathematical  
defect was found.
```

## stderr

