# audit-refuter/thm-baire-category-r 2026-08-09T06:40:41.859Z

## stdout
```text
VERDICT: CLEAN
BOUNDARY:
  - Index zero handling: step 4.1 seeds the recursion at k=0; step 5.1 gives I_{k+1} ⊆ U_k, so I_1 ⊆ U_0. The constructed point lies in I_1, hence in U_0. No off-by-one loss.
  - Degenerate intervals: step 2.1 produces p' < q', so every I_k is nondegenerate and nonempty.
  - Endpoint type: all intervals have rational endpoints, placed inside the required open sets via the density of ℚ_ℝ.
  - Nonempty choice sets: the set of eligible indices in step 3.1 is nonempty by step 2.1 and the surjectivity of e; minima exist by the well‑ordering of ℕ. The construction never invokes any choice principle.
  - Counterexample search: the theorem is a true statement of ℝ; no counterexample exists. The proof’s own counterexamples to “openness dropped” and “density dropped” are mathematically correct and illustrate the sharpness of the hypotheses.
  - All other boundary markers (empty family, single‑point intersections, etc.) are either not applicable or explicitly verified.
SOURCES:
  All 23 supplied cited items were inspected. The key sources—
  def‑limit‑point‑r, thm‑closure‑characterisations‑r, def‑neighbourhood‑r,
  def‑open‑and‑closed‑in‑r, thm‑open‑set‑algebra‑r, thm‑rationals‑countable,
  lem‑rat‑embeds‑dense, thm‑well‑ordering‑principle, thm‑recursion,
  thm‑nested‑interval‑property, def‑nowhere‑dense‑meager—
  contain the exact statements quoted in the proof contract, and each use aligns
  with the quoted text.
CHECKED:
  The title, the public statement (both the dense‑intersection claim and the
  nowhere‑dense‑union consequence), all 11 numbered proof steps, and the
  Remarks section were read in full. No mathematical error, missing hypothesis,
  invalid inference, or material mis‑citation was found.
```

## stderr

