# audit-refuter/a6-retry9-cor-separated-uniformizable-iff-tychonoff 2026-08-08T18:02:06.954Z

## stdout
```text
VERDICT: CLEAN

BOUNDARY:
- Empty space: excluded by the explicit nonempty hypothesis; no counterexample arises.
- Singleton space: trivially Tychonoff and separated-uniformizable; both directions hold vacuously or via constant functions.
- Degenerate / constant-function case: under Tychonoff with more than one point, the separating function ensures the gauge contains a non-constant pseudometric that makes the uniformity separated. If all continuous functions were constant (impossible under T₁+completely regular for distinct points), the gauge uniformity would be trivial and not separated; the hypothesis prevents this.
- Entourage radius: the choice ε=1/2 works because |f(x)-f(y)|=1, so the pair is excluded; the entourage is in the uniformity generated by the gauge.
- Forward implication (1.1): uses L1 (requires DC) → completely regular; L2 → Hausdorff; L5 → T₁; L3 → Tychonoff. Valid.
- Reverse implication (1.2): uses L6 & L3 to make singletons closed; complete regularity gives f; gauge uniformity separated and induces topology by L4. No DC required.
- Choice use: step 1.2 obtains f from the complete regularity property, which is a single existence statement, not a choice among a family; no AC/DC is needed. The overall equivalence correctly depends on DC only through the forward direction via L1.
- Other boundary cases (zero, one, endpoints) were checked under the standard inequalities and definitions; no hidden failure.

SOURCES: All 9 supplied cited items used by the target were inspected in full:
  - thm-uniformizable-iff-completely-regular
  - thm-separated-uniformity-iff-induced-topology-is-hausdorff
  - def-completely-regular-and-tychonoff-spaces
  - def-t0-and-t1-spaces
  - def-dependent-choice
  - lem-completely-regular-topologies-come-from-continuous-pseudometrics
  - def-gauge-of-pseudometrics
  - lem-urysohn-sits-between-hausdorff-and-regular-plus-t1
  - thm-t1-iff-singletons-are-closed

CHECKED: The title, the public claim, each numbered proof step (1.1, 1.2, 2.1), and the (absent) Remarks were read and verified for mathematical accuracy and logical consistency.
```

## stderr

