# audit-refuter/cor-cesaro-matrix-is-regular 2026-08-08T15:36:28.252Z

## stdout
```text
VERDICT: CLEAN
BOUNDARY: Checked boundary cases (n=0, k=0, n<k, indices at extremes) — the  
admissible bound n works for n=0, the row sums are constantly 1, the column  
limit argument handles n<k trivially, and the uniform row-absolute-sum bound  
1 holds for all n.  The reciprocal Archimedean choice m ≥ 1 always gives a  
positive integer, and the inequality (n+1)⁻¹ < 1/m for n ≥ m is justified by  
the strict decreasing of reciprocals on positive reals.  No hidden degenerate,  
empty, or endpoint case breaks the reasoning.
SOURCES: Inspected the full supplied text of every dependency cited in the  
proof: def-summability-matrix, def-sequence, def-cesaro-mean,  
thm-silverman-toeplitz, def-finite-sum, lem-finite-sum-laws, def-real-limit,  
cor-archimedean-reciprocal, lem-of-naturals-positive, lem-of-inverse-positive,  
lem-of-abs-value, def-complete-ordered-field, def-ordered-field.  Each source  
licenses the exact use made of it in the target.
CHECKED: Read the title, the public Statement, every numbered proof step  
(1.1, 1.2, 2.1, 2.2, 2.3, 3.1, 4.1), and the Remarks section.
```

## stderr

