# audit-refuter/a6-retry9-ex-a-urysohn-function-on-the-real-line 2026-08-08T18:02:06.980Z

## stdout
```text
VERDICT: DEFECTS
```

```text
FINDING 1
  location: Remarks, first bullet
  severity: nonfatal
  claim:    "a Urysohn function is never unique"
  evidence: The unqualified statement is false.  Counterexample: let
            X = {0,1} with the discrete topology (metrizable, hence normal);
            take A = {0}, B = {1} (disjoint closed).  The only function
            f : X → [0,1] satisfying A ⊆ f⁻¹({0}) and B ⊆ f⁻¹({1}) is
            f(0)=0, f(1)=1, so the Urysohn function for this pair is unique.
            The remark therefore asserts a false universal claim.
```

```text
BOUNDARY: The function g was checked at the endpoints x=0,1 and for all real
x; the empty, degenerate, and other special cases were inspected and no
defect was found.  The example does not depend on any subtle boundary
behaviour.
SOURCES:  All seven cited items (thm-urysohn-lemma, def-normal-and-t4-spaces,
          thm-metric-spaces-are-completely-normal, def-continuity-real,
          thm-algebra-of-continuous-functions, def-interval,
          def-continuous-map-top) were supplied in full and inspected.
CHECKED:  The title, public claim, every numbered step (1.1, 1.2, 1.3, 2.1),
          and both Remarks were read and verified.
```

## stderr

