# audit-refuter/lem-finite-star-refinement-for-compact-hausdorff-spaces 2026-08-08T16:14:30.853Z

## stdout
```text
VERDICT: CLEAN
```

```text
BOUNDARY: 
- Empty space and empty cover: The construction yields an empty refinement when the original cover is the empty cover, and the star-refinement condition holds vacuously. The inductive shrinking in step 1.2 and the set-indexing in step 2.2 remain well defined for index set empty.
- The finite choices in steps 1.2 and 2.1 are nonempty by construction (normality guarantees an open separator; the definition of \(\mathcal V\) guarantees a member of \(\mathcal U\) whose closure contains the chosen \(V\)). The finite choice principle (L4) covers exactly this finitely indexed family.
- The point-star argument in step 2.2 uses \(\overline{B_j}\subseteq A_j\) to ensure that, for \(S=\{i:x\in A_i\}\), any \(j\notin S\) satisfies \(x\notin\overline{B_j}\); thus \(x\in W_S\) and the family \(\mathcal W\) is indeed a cover. The barycentric property follows correctly.
- The two-step barycentric refinement in steps 3.1–4.1 is the standard proof that a barycentric refinement of a barycentric refinement is a star-refinement; the reasoning that \(Z\subseteq W_y\subseteq\operatorname{St}(x,\mathcal W)\subseteq U\) for every \(Z\) intersecting \(Z_0\) is sound.
SOURCES:
- Inspected the full supplied text of all six cited items:
  - `thm-a-compact-hausdorff-space-is-regular-and-normal` (L1) – provides normality and \(T_1\) (so singletons are closed).
  - `def-compact-space` (L2) – gives the definition of compactness used to extract a finite subcover.
  - `def-hausdorff-space` (L3) – declares the Hausdorff condition required for the statement.
  - `def-finite-cardinality` (L3 in the target, actually used as L3) – gives the indexing of a finite family by a natural number.
  - `lem-finite-choice` (L4) – establishes that a finitely indexed family of nonempty sets has a choice function.
  - `def-interior-closure-boundary-top` (L4) – states that the closure is the smallest closed superset, used whenever \(\overline{V}\subseteq U\) appears.
- Every usage in the proof steps matches the exact statement of the cited source.
CHECKED:
- Title: “Every open cover of a compact Hausdorff space has a finite open star-refinement” – matches the proved statement.
- Public statement (Statement section) – correctly reflects the title.
- Every numbered proof step (1.1–5.1) read and verified.
- No separate Remarks block present; the proof steps themselves are the whole argument.
```

## stderr

