# audit-refuter/thm-urysohn-lemma 2026-08-08T16:59:27.680Z

## stdout
```text
VERDICT: CLEAN
BOUNDARY: Boundary cases (empty closed sets, degenerate intervals, endpoint
inclusions, zero/one, and the case where the space is empty) were inspected;
the proof handles each without illicit witnesses or extra assumptions. No
counterexample surfaced.
SOURCES: Every cited item used by the target (def-dependent-choice,
lem-normality-via-shrinking, lem-finite-choice, def-choice-function,
def-the-dyadic-rationals-of-the-unit-interval, def-interior-closure-boundary-top,
lem-a-dyadic-scale-of-open-sets-defines-a-continuous-function,
thm-continuity-characterisations-top, def-continuous-map-top,
lem-real-line-is-a-metric-space, def-subspace-topology-top, def-interval,
def-normal-and-t4-spaces, def-topological-space,
rem-urysohn-lemma-not-a-zf-theorem) was supplied in the dispatch and read
against its usage in the proof. All load‑bearing citations are materially
accurate; the chaining fact [L4] is a routine consequence of the cited
definition and does not constitute a material inaccuracy.
CHECKED: The title, the public claim (both directions, the DC hypothesis,
and the choice accounting), every numbered proof step, and the Remarks were
read in full and found to be logically valid and consistent with the stated
facts.
```

## stderr

