[2026-08-15T17:11:00.597Z] detached pid 84553
[2026-08-15T17:13:47.037Z] detached pid 87268
[2026-08-15T17:23:19.977Z] detached pid 99143
[2026-08-15T17:27:32.796Z] detached pid 3770
[2026-08-15T17:28:57.775Z] detached pid 5911
[start] autopilot driving frontier-14 from /Users/ianx/Projects/prestige-math-library
[adopted] unit(s) 1, 2, 3 are already covered by a live external dispatch; not starting a second
# frontier-14 — running

updated 2026-08-15T17:31:42.399Z
started 2026-08-15T17:11:00.638Z · elapsed 20m

## Stages

[x] 1-scaffold         6/6 covered by 6 dispatch(es)
[x] 3-review           6/6 covered by 2 dispatch(es)
[>] 3-fix              3/6 covered; missing 1, 2, 3
[ ] 3-recheck          0/6 result(s) — no coverage declared, counting
[ ] 4-splice           0/6 result(s) — no coverage declared, counting
[ ] 5-author           0/6 result(s) — no coverage declared, counting
[ ] 6a-read            0/6 result(s) — no coverage declared, counting
[ ] 6b-adjudicate      0/6 result(s) — no coverage declared, counting
[ ] 6c-cross           0/1 result(s) — no coverage declared, counting
[ ] 7-judge            0/1 result(s) — no coverage declared, counting
[ ] 8-adjudicate       0/1 result(s) — no coverage declared, counting
[ ] 9-scope            0/1 result(s) — no coverage declared, counting
[ ] 10-report          0/1 result(s) — no coverage declared, counting

## In flight

- nothing running

## Intervene

```
echo '{"command":"pause"}'  > /Users/ianx/Projects/prestige-math-library/.autopilot/control.json
echo '{"command":"resume"}' > /Users/ianx/Projects/prestige-math-library/.autopilot/control.json
```

[start] autopilot driving frontier-14 from /Users/ianx/Projects/prestige-math-library
[adopted] unit(s) 1, 2, 3 are already covered by a live external dispatch; not starting a second
# frontier-14 — running

updated 2026-08-15T17:32:52.537Z
started 2026-08-15T17:11:00.638Z · elapsed 21m

## Stages

[x] 1-scaffold         6/6 covered by 6 dispatch(es)
[x] 3-review           6/6 covered by 2 dispatch(es)
[>] 3-fix              3/6 covered; missing 1, 2, 3
[ ] 3-recheck          0/6 result(s) — no coverage declared, counting
[ ] 4-splice           0/6 result(s) — no coverage declared, counting
[ ] 5-author           0/6 result(s) — no coverage declared, counting
[ ] 6a-read            0/6 result(s) — no coverage declared, counting
[ ] 6b-adjudicate      0/6 result(s) — no coverage declared, counting
[ ] 6c-cross           0/1 result(s) — no coverage declared, counting
[ ] 7-judge            0/1 result(s) — no coverage declared, counting
[ ] 8-adjudicate       0/1 result(s) — no coverage declared, counting
[ ] 9-scope            0/1 result(s) — no coverage declared, counting
[ ] 10-report          0/1 result(s) — no coverage declared, counting

## In flight

- nothing running

## Intervene

```
echo '{"command":"pause"}'  > /Users/ianx/Projects/prestige-math-library/.autopilot/control.json
echo '{"command":"resume"}' > /Users/ianx/Projects/prestige-math-library/.autopilot/control.json
```

[adopted] unit(s) 1, 2 are already covered by a live external dispatch; not starting a second
# frontier-14 — running

updated 2026-08-15T17:39:23.887Z
started 2026-08-15T17:11:00.638Z · elapsed 28m

## Stages

[x] 1-scaffold         6/6 covered by 6 dispatch(es)
[x] 3-review           6/6 covered by 2 dispatch(es)
[>] 3-fix              4/6 covered; missing 1, 2
[ ] 3-recheck          0/6 result(s) — no coverage declared, counting
[ ] 4-splice           0/6 result(s) — no coverage declared, counting
[ ] 5-author           0/6 result(s) — no coverage declared, counting
[ ] 6a-read            0/6 result(s) — no coverage declared, counting
[ ] 6b-adjudicate      0/6 result(s) — no coverage declared, counting
[ ] 6c-cross           0/1 result(s) — no coverage declared, counting
[ ] 7-judge            0/1 result(s) — no coverage declared, counting
[ ] 8-adjudicate       0/1 result(s) — no coverage declared, counting
[ ] 9-scope            0/1 result(s) — no coverage declared, counting
[ ] 10-report          0/1 result(s) — no coverage declared, counting

## In flight

- nothing running

## Intervene

```
echo '{"command":"pause"}'  > /Users/ianx/Projects/prestige-math-library/.autopilot/control.json
echo '{"command":"resume"}' > /Users/ianx/Projects/prestige-math-library/.autopilot/control.json
```

# frontier-14 — running

updated 2026-08-15T17:41:24.312Z
started 2026-08-15T17:11:00.638Z · elapsed 30m

## Stages

[x] 1-scaffold         6/6 covered by 6 dispatch(es)
[x] 3-review           6/6 covered by 2 dispatch(es)
[>] 3-fix              4/6 covered; missing 1, 2
[ ] 3-recheck          0/6 result(s) — no coverage declared, counting
[ ] 4-splice           0/6 result(s) — no coverage declared, counting
[ ] 5-author           0/6 result(s) — no coverage declared, counting
[ ] 6a-read            0/6 result(s) — no coverage declared, counting
[ ] 6b-adjudicate      0/6 result(s) — no coverage declared, counting
[ ] 6c-cross           0/1 result(s) — no coverage declared, counting
[ ] 7-judge            0/1 result(s) — no coverage declared, counting
[ ] 8-adjudicate       0/1 result(s) — no coverage declared, counting
[ ] 9-scope            0/1 result(s) — no coverage declared, counting
[ ] 10-report          0/1 result(s) — no coverage declared, counting

## In flight

- nothing running

## Intervene

```
echo '{"command":"pause"}'  > /Users/ianx/Projects/prestige-math-library/.autopilot/control.json
echo '{"command":"resume"}' > /Users/ianx/Projects/prestige-math-library/.autopilot/control.json
```

[adopted] unit(s) 2 are already covered by a live external dispatch; not starting a second
[gates] 3-fix: running 13 gate(s)
[gates-ok] 3-fix: all gates green
[stage-clear] 3-fix cleared — 6/6 covered by 6 dispatch(es); gates not yet run
[stage] entering 3-recheck — Alpha re-check before splice
[dispatch] alpha/recheck-a covers 1,2,3
[dispatch] alpha/recheck-b covers 4,5,6
[start] autopilot driving frontier-14 from /Users/ianx/Projects/prestige-math-library
[adopted] unit(s) 1, 2, 3, 4, 5, 6 are already covered by a live external dispatch; not starting a second
# frontier-14 — running

updated 2026-08-15T17:52:04.130Z
started 2026-08-15T17:11:00.638Z · elapsed 41m

## Stages

[x] 1-scaffold         6/6 covered by 6 dispatch(es)
[x] 3-review           6/6 covered by 2 dispatch(es)
[x] 3-fix              6/6 covered by 6 dispatch(es)
[>] 3-recheck          0/6 result(s) — no coverage declared, counting
[ ] 4-splice           0/6 result(s) — no coverage declared, counting
[ ] 5-author           0/6 result(s) — no coverage declared, counting
[ ] 6a-read            0/6 result(s) — no coverage declared, counting
[ ] 6b-adjudicate      0/6 result(s) — no coverage declared, counting
[ ] 6c-cross           0/1 result(s) — no coverage declared, counting
[ ] 7-judge            0/1 result(s) — no coverage declared, counting
[ ] 8-adjudicate       0/1 result(s) — no coverage declared, counting
[ ] 9-scope            0/1 result(s) — no coverage declared, counting
[ ] 10-report          0/1 result(s) — no coverage declared, counting

## In flight

- recheck-a (covers 1, 2, 3) — running (observed)
- recheck-b (covers 4, 5, 6) — running (observed)

## Intervene

```
echo '{"command":"pause"}'  > /Users/ianx/Projects/prestige-math-library/.autopilot/control.json
echo '{"command":"resume"}' > /Users/ianx/Projects/prestige-math-library/.autopilot/control.json
```

[adopted] unit(s) 1, 2, 3 are already covered by a live external dispatch; not starting a second
[gates] 3-recheck: running 1 gate(s)
[gates-ok] 3-recheck: all gates green
[stage-clear] 3-recheck cleared — 6/6 covered by 2 dispatch(es); gates not yet run
[stage] entering 4-splice — splice ids into the plan
[dispatch] alpha/step4-lead covers 1,2,3,4,5,6
[dispatch-ok] alpha/step4-lead exit=0
[gates] 4-splice: running 1 gate(s)
[gates-ok] 4-splice: all gates green
[stage-clear] 4-splice cleared — 6/6 covered by 1 dispatch(es); gates not yet run
[stage] entering 5-author — authoring
[dispatch] beta/author-batch-1 covers 1
[dispatch] beta/author-batch-2 covers 2
[dispatch] beta/author-batch-3 covers 3
[dispatch] beta/author-batch-4 covers 4
[dispatch] beta/author-batch-5 covers 5
# frontier-14 — running

updated 2026-08-15T18:12:10.976Z
started 2026-08-15T17:11:00.638Z · elapsed 1h01m

## Stages

[x] 1-scaffold         6/6 covered by 6 dispatch(es)
[x] 3-review           6/6 covered by 2 dispatch(es)
[x] 3-fix              6/6 covered by 6 dispatch(es)
[x] 3-recheck          6/6 covered by 2 dispatch(es)
[x] 4-splice           6/6 covered by 1 dispatch(es)
[>] 5-author           0/6 result(s) — no coverage declared, counting
[ ] 6a-read            0/6 result(s) — no coverage declared, counting
[ ] 6b-adjudicate      0/6 result(s) — no coverage declared, counting
[ ] 6c-cross           0/1 result(s) — no coverage declared, counting
[ ] 7-judge            0/1 result(s) — no coverage declared, counting
[ ] 8-adjudicate       0/1 result(s) — no coverage declared, counting
[ ] 9-scope            0/1 result(s) — no coverage declared, counting
[ ] 10-report          0/1 result(s) — no coverage declared, counting

## In flight

- author-batch-1 (covers 1) — 1m
- author-batch-2 (covers 2) — 1m
- author-batch-3 (covers 3) — 1m
- author-batch-4 (covers 4) — 1m
- author-batch-5 (covers 5) — 1m

## Intervene

```
echo '{"command":"pause"}'  > /Users/ianx/Projects/prestige-math-library/.autopilot/control.json
echo '{"command":"resume"}' > /Users/ianx/Projects/prestige-math-library/.autopilot/control.json
```

# frontier-14 — running

updated 2026-08-15T18:32:16.383Z
started 2026-08-15T17:11:00.638Z · elapsed 1h21m

## Stages

[x] 1-scaffold         6/6 covered by 6 dispatch(es)
[x] 3-review           6/6 covered by 2 dispatch(es)
[x] 3-fix              6/6 covered by 6 dispatch(es)
[x] 3-recheck          6/6 covered by 2 dispatch(es)
[x] 4-splice           6/6 covered by 1 dispatch(es)
[>] 5-author           0/6 result(s) — no coverage declared, counting
[ ] 6a-read            0/6 result(s) — no coverage declared, counting
[ ] 6b-adjudicate      0/6 result(s) — no coverage declared, counting
[ ] 6c-cross           0/1 result(s) — no coverage declared, counting
[ ] 7-judge            0/1 result(s) — no coverage declared, counting
[ ] 8-adjudicate       0/1 result(s) — no coverage declared, counting
[ ] 9-scope            0/1 result(s) — no coverage declared, counting
[ ] 10-report          0/1 result(s) — no coverage declared, counting

## In flight

- author-batch-1 (covers 1) — 21m
- author-batch-2 (covers 2) — 21m
- author-batch-3 (covers 3) — 21m
- author-batch-4 (covers 4) — 21m
- author-batch-5 (covers 5) — 21m

## Intervene

```
echo '{"command":"pause"}'  > /Users/ianx/Projects/prestige-math-library/.autopilot/control.json
echo '{"command":"resume"}' > /Users/ianx/Projects/prestige-math-library/.autopilot/control.json
```

[dispatch-ok] beta/author-batch-5 exit=0
[dispatch] beta/author-batch-6 covers 6
# frontier-14 — running

updated 2026-08-15T18:52:21.535Z
started 2026-08-15T17:11:00.638Z · elapsed 1h41m

## Stages

[x] 1-scaffold         6/6 covered by 6 dispatch(es)
[x] 3-review           6/6 covered by 2 dispatch(es)
[x] 3-fix              6/6 covered by 6 dispatch(es)
[x] 3-recheck          6/6 covered by 2 dispatch(es)
[x] 4-splice           6/6 covered by 1 dispatch(es)
[>] 5-author           1/6 covered; missing 1, 2, 3, 4, 6
[ ] 6a-read            0/6 result(s) — no coverage declared, counting
[ ] 6b-adjudicate      0/6 result(s) — no coverage declared, counting
[ ] 6c-cross           0/1 result(s) — no coverage declared, counting
[ ] 7-judge            0/1 result(s) — no coverage declared, counting
[ ] 8-adjudicate       0/1 result(s) — no coverage declared, counting
[ ] 9-scope            0/1 result(s) — no coverage declared, counting
[ ] 10-report          0/1 result(s) — no coverage declared, counting

## In flight

- author-batch-1 (covers 1) — 41m
- author-batch-2 (covers 2) — 41m
- author-batch-3 (covers 3) — 41m
- author-batch-4 (covers 4) — 41m
- author-batch-6 (covers 6) — 5m

## Intervene

```
echo '{"command":"pause"}'  > /Users/ianx/Projects/prestige-math-library/.autopilot/control.json
echo '{"command":"resume"}' > /Users/ianx/Projects/prestige-math-library/.autopilot/control.json
```

[dispatch-ok] beta/author-batch-4 exit=0
[dispatch-ok] beta/author-batch-3 exit=0
[dispatch-ok] beta/author-batch-2 exit=0
# frontier-14 — running

updated 2026-08-15T19:12:27.178Z
started 2026-08-15T17:11:00.638Z · elapsed 2h01m

## Stages

[x] 1-scaffold         6/6 covered by 6 dispatch(es)
[x] 3-review           6/6 covered by 2 dispatch(es)
[x] 3-fix              6/6 covered by 6 dispatch(es)
[x] 3-recheck          6/6 covered by 2 dispatch(es)
[x] 4-splice           6/6 covered by 1 dispatch(es)
[>] 5-author           4/6 covered; missing 1, 6
[ ] 6a-read            0/6 result(s) — no coverage declared, counting
[ ] 6b-adjudicate      0/6 result(s) — no coverage declared, counting
[ ] 6c-cross           0/1 result(s) — no coverage declared, counting
[ ] 7-judge            0/1 result(s) — no coverage declared, counting
[ ] 8-adjudicate       0/1 result(s) — no coverage declared, counting
[ ] 9-scope            0/1 result(s) — no coverage declared, counting
[ ] 10-report          0/1 result(s) — no coverage declared, counting

## In flight

- author-batch-1 (covers 1) — 1h01m
- author-batch-6 (covers 6) — 25m

## Intervene

```
echo '{"command":"pause"}'  > /Users/ianx/Projects/prestige-math-library/.autopilot/control.json
echo '{"command":"resume"}' > /Users/ianx/Projects/prestige-math-library/.autopilot/control.json
```

[dispatch-ok] beta/author-batch-1 exit=0
[dispatch-ok] beta/author-batch-6 exit=0
[gates] 5-author: running 6 gate(s)
[gates-ok] 5-author: all gates green
[stage-clear] 5-author cleared — 6/6 covered by 6 dispatch(es); gates not yet run
[stage] entering 6a-read — independent readers
[dispatch] reader/reader-1 covers 1
[dispatch] reader/reader-2 covers 2
[dispatch] reader/reader-3 covers 3
[dispatch] reader/reader-4 covers 4
[dispatch] reader/reader-5 covers 5
[stage] entering 1-scaffold — Beta scaffolding
[start] autopilot driving frontier-14 from /Users/ianx/Projects/prestige-math-library
[dispatch] beta/batch-7 covers 7
# frontier-14 — running

updated 2026-08-15T19:28:23.150Z
started 2026-08-15T17:11:00.638Z · elapsed 2h17m

## Stages

[>] 1-scaffold         6/7 covered; missing 7
[ ] 3-review           6/7 covered; missing 7
[ ] 3-fix              6/7 covered; missing 7
[ ] 3-recheck          6/7 covered; missing 7
[ ] 4-splice           6/7 covered; missing 7
[ ] 5-author           6/7 covered; missing 7
[ ] 6a-read            0/7 result(s) — no coverage declared, counting
[ ] 6b-adjudicate      0/7 result(s) — no coverage declared, counting
[ ] 6c-cross           0/1 result(s) — no coverage declared, counting
[ ] 7-judge            0/1 result(s) — no coverage declared, counting
[ ] 8-adjudicate       0/1 result(s) — no coverage declared, counting
[ ] 9-scope            0/1 result(s) — no coverage declared, counting
[ ] 10-report          0/1 result(s) — no coverage declared, counting

## In flight

- batch-7 (covers 7) — 0m

## Intervene

```
echo '{"command":"pause"}'  > /Users/ianx/Projects/prestige-math-library/.autopilot/control.json
echo '{"command":"resume"}' > /Users/ianx/Projects/prestige-math-library/.autopilot/control.json
```

# frontier-14 — running

updated 2026-08-15T19:48:28.170Z
started 2026-08-15T17:11:00.638Z · elapsed 2h37m

## Stages

[>] 1-scaffold         6/7 covered; missing 7
[ ] 3-review           6/7 covered; missing 7
[ ] 3-fix              6/7 covered; missing 7
[ ] 3-recheck          6/7 covered; missing 7
[ ] 4-splice           6/7 covered; missing 7
[ ] 5-author           6/7 covered; missing 7
[ ] 6a-read            4/7 covered; missing 3, 6, 7
[ ] 6b-adjudicate      0/7 result(s) — no coverage declared, counting
[ ] 6c-cross           0/1 result(s) — no coverage declared, counting
[ ] 7-judge            0/1 result(s) — no coverage declared, counting
[ ] 8-adjudicate       0/1 result(s) — no coverage declared, counting
[ ] 9-scope            0/1 result(s) — no coverage declared, counting
[ ] 10-report          0/1 result(s) — no coverage declared, counting

## In flight

- batch-7 (covers 7) — 20m

## Intervene

```
echo '{"command":"pause"}'  > /Users/ianx/Projects/prestige-math-library/.autopilot/control.json
echo '{"command":"resume"}' > /Users/ianx/Projects/prestige-math-library/.autopilot/control.json
```

[dispatch-ok] beta/batch-7 exit=0
[stage] entering 3-review — Alpha scaffold review and adjudication
[blocked] stage 3-review: missing input file(s) — step3-c needs research/frontier-14-alpha-c.task.md
# frontier-14 — running

updated 2026-08-15T19:51:59.014Z
started 2026-08-15T17:11:00.638Z · elapsed 2h40m

## Stages

[x] 1-scaffold         7/7 covered by 7 dispatch(es)
[>] 3-review           6/7 covered; missing 7
[ ] 3-fix              6/7 covered; missing 7
[ ] 3-recheck          6/7 covered; missing 7
[ ] 4-splice           6/7 covered; missing 7
[ ] 5-author           6/7 covered; missing 7
[ ] 6a-read            5/7 covered; missing 6, 7
[ ] 6b-adjudicate      0/7 result(s) — no coverage declared, counting
[ ] 6c-cross           0/1 result(s) — no coverage declared, counting
[ ] 7-judge            0/1 result(s) — no coverage declared, counting
[ ] 8-adjudicate       0/1 result(s) — no coverage declared, counting
[ ] 9-scope            0/1 result(s) — no coverage declared, counting
[ ] 10-report          0/1 result(s) — no coverage declared, counting

## In flight

- nothing running

## Blockers

- **3-review** — stage 3-review: missing input file(s) — step3-c needs research/frontier-14-alpha-c.task.md _(2026-08-15T19:51:58.941Z)_

## Intervene

```
echo '{"command":"pause"}'  > /Users/ianx/Projects/prestige-math-library/.autopilot/control.json
echo '{"command":"resume"}' > /Users/ianx/Projects/prestige-math-library/.autopilot/control.json
```

[blocked-holding] still blocked after 1 tick(s); holding and re-checking. `autopilot retry` to re-arm, `autopilot stop` to end.
# frontier-14 — running

updated 2026-08-15T19:52:29.140Z
started 2026-08-15T17:11:00.638Z · elapsed 2h41m

## Stages

[x] 1-scaffold         7/7 covered by 7 dispatch(es)
[>] 3-review           6/7 covered; missing 7
[ ] 3-fix              6/7 covered; missing 7
[ ] 3-recheck          6/7 covered; missing 7
[ ] 4-splice           6/7 covered; missing 7
[ ] 5-author           6/7 covered; missing 7
[ ] 6a-read            5/7 covered; missing 6, 7
[ ] 6b-adjudicate      0/7 result(s) — no coverage declared, counting
[ ] 6c-cross           0/1 result(s) — no coverage declared, counting
[ ] 7-judge            0/1 result(s) — no coverage declared, counting
[ ] 8-adjudicate       0/1 result(s) — no coverage declared, counting
[ ] 9-scope            0/1 result(s) — no coverage declared, counting
[ ] 10-report          0/1 result(s) — no coverage declared, counting

## In flight

- nothing running

## Blockers

- **3-review** — stage 3-review: missing input file(s) — step3-c needs research/frontier-14-alpha-c.task.md _(2026-08-15T19:51:58.941Z)_

## Intervene

```
echo '{"command":"pause"}'  > /Users/ianx/Projects/prestige-math-library/.autopilot/control.json
echo '{"command":"resume"}' > /Users/ianx/Projects/prestige-math-library/.autopilot/control.json
```

[retry-armed] owner armed a retry for all failed lanes
[dispatch] alpha/step3-c covers 7
[start] autopilot driving frontier-14 from /Users/ianx/Projects/prestige-math-library
[adopted] unit(s) 7 are already covered by a live external dispatch; not starting a second
# frontier-14 — running

updated 2026-08-15T19:55:35.762Z
started 2026-08-15T17:11:00.638Z · elapsed 2h44m

## Stages

[x] 1-scaffold         7/7 covered by 7 dispatch(es)
[>] 3-review           6/7 covered; missing 7
[ ] 3-fix              6/7 covered; missing 7
[ ] 3-recheck          6/7 covered; missing 7
[ ] 4-splice           6/7 covered; missing 7
[ ] 5-author           6/7 covered; missing 7
[ ] 6a-read            5/7 covered; missing 6, 7
[ ] 6b-adjudicate      0/7 result(s) — no coverage declared, counting
[ ] 6c-cross           0/1 result(s) — no coverage declared, counting
[ ] 7-judge            0/1 result(s) — no coverage declared, counting
[ ] 8-adjudicate       0/1 result(s) — no coverage declared, counting
[ ] 9-scope            0/1 result(s) — no coverage declared, counting
[ ] 10-report          0/1 result(s) — no coverage declared, counting

## In flight

- step3-c (covers 7) — running (observed)

## Blockers

- **3-review** — stage 3-review: missing input file(s) — step3-c needs research/frontier-14-alpha-c.task.md _(2026-08-15T19:51:58.941Z)_

## Intervene

```
echo '{"command":"pause"}'  > /Users/ianx/Projects/prestige-math-library/.autopilot/control.json
echo '{"command":"resume"}' > /Users/ianx/Projects/prestige-math-library/.autopilot/control.json
```

[stage] entering 3-fix — Beta fix pass on step-3 findings
[dispatch] beta/fix-batch-7 covers 7
[dispatch-failed] beta/fix-batch-7 exit=null
[dispatch] beta/fix-batch-7 covers 7 (attempt 2)
# frontier-14 — running

updated 2026-08-15T20:15:42.180Z
started 2026-08-15T17:11:00.638Z · elapsed 3h04m

## Stages

[x] 1-scaffold         7/7 covered by 7 dispatch(es)
[x] 3-review           7/7 covered by 3 dispatch(es)
[>] 3-fix              6/7 covered; missing 7
[ ] 3-recheck          6/7 covered; missing 7
[ ] 4-splice           6/7 covered; missing 7
[ ] 5-author           6/7 covered; missing 7
[ ] 6a-read            5/7 covered; missing 6, 7
[ ] 6b-adjudicate      0/7 result(s) — no coverage declared, counting
[ ] 6c-cross           0/1 result(s) — no coverage declared, counting
[ ] 7-judge            0/1 result(s) — no coverage declared, counting
[ ] 8-adjudicate       0/1 result(s) — no coverage declared, counting
[ ] 9-scope            0/1 result(s) — no coverage declared, counting
[ ] 10-report          0/1 result(s) — no coverage declared, counting

## In flight

- fix-batch-7 (covers 7) — 5m — attempt 2

## Blockers

- **3-review** — stage 3-review: missing input file(s) — step3-c needs research/frontier-14-alpha-c.task.md _(2026-08-15T19:51:58.941Z)_

## Intervene

```
echo '{"command":"pause"}'  > /Users/ianx/Projects/prestige-math-library/.autopilot/control.json
echo '{"command":"resume"}' > /Users/ianx/Projects/prestige-math-library/.autopilot/control.json
```

[dispatch-ok] beta/fix-batch-7 exit=0
[stage] entering 3-recheck — Alpha re-check before splice
[dispatch] alpha/recheck-c covers 7
[start] autopilot driving frontier-14 from /Users/ianx/Projects/prestige-math-library
[adopted] unit(s) 7 are already covered by a live external dispatch; not starting a second
# frontier-14 — running

updated 2026-08-15T20:34:49.631Z
started 2026-08-15T17:11:00.638Z · elapsed 3h23m

## Stages

[x] 1-scaffold         7/7 covered by 7 dispatch(es)
[x] 3-review           7/7 covered by 3 dispatch(es)
[x] 3-fix              7/7 covered by 7 dispatch(es)
[>] 3-recheck          6/7 covered; missing 7
[ ] 4-splice           6/7 covered; missing 7
[ ] 5-author           6/7 covered; missing 7
[ ] 6a-read            5/7 covered; missing 6, 7
[ ] 6b-adjudicate      0/7 result(s) — no coverage declared, counting
[ ] 6c-cross           0/1 result(s) — no coverage declared, counting
[ ] 7-judge            0/1 result(s) — no coverage declared, counting
[ ] 8-adjudicate       0/1 result(s) — no coverage declared, counting
[ ] 9-scope            0/1 result(s) — no coverage declared, counting
[ ] 10-report          0/1 result(s) — no coverage declared, counting

## In flight

- recheck-c (covers 7) — running (observed)

## Blockers

- **3-review** — stage 3-review: missing input file(s) — step3-c needs research/frontier-14-alpha-c.task.md _(2026-08-15T19:51:58.941Z)_

## Intervene

```
echo '{"command":"pause"}'  > /Users/ianx/Projects/prestige-math-library/.autopilot/control.json
echo '{"command":"resume"}' > /Users/ianx/Projects/prestige-math-library/.autopilot/control.json
```

[start] autopilot driving frontier-14 from /Users/ianx/Projects/prestige-math-library
[unblocked] retired 1 blocker(s) belonging to stage(s) that have since completed
[adopted] unit(s) 7 are already covered by a live external dispatch; not starting a second
# frontier-14 — running

updated 2026-08-15T20:35:59.872Z
started 2026-08-15T17:11:00.638Z · elapsed 3h24m

## Stages

[x] 1-scaffold         7/7 covered by 7 dispatch(es)
[x] 3-review           7/7 covered by 3 dispatch(es)
[x] 3-fix              7/7 covered by 7 dispatch(es)
[>] 3-recheck          6/7 covered; missing 7
[ ] 4-splice           6/7 covered; missing 7
[ ] 5-author           6/7 covered; missing 7
[ ] 6a-read            5/7 covered; missing 6, 7
[ ] 6b-adjudicate      0/7 result(s) — no coverage declared, counting
[ ] 6c-cross           0/1 result(s) — no coverage declared, counting
[ ] 7-judge            0/1 result(s) — no coverage declared, counting
[ ] 8-adjudicate       0/1 result(s) — no coverage declared, counting
[ ] 9-scope            0/1 result(s) — no coverage declared, counting
[ ] 10-report          0/1 result(s) — no coverage declared, counting

## In flight

- recheck-c (covers 7) — running (observed)

## Intervene

```
echo '{"command":"pause"}'  > /Users/ianx/Projects/prestige-math-library/.autopilot/control.json
echo '{"command":"resume"}' > /Users/ianx/Projects/prestige-math-library/.autopilot/control.json
```

[stage] entering 4-splice — splice ids into the plan
[dispatch] alpha/step4-lead covers 1,2,3,4,5,6,7
[dispatch-failed] alpha/step4-lead exit=null
[dispatch] alpha/step4-lead covers 1,2,3,4,5,6,7 (attempt 2)
