[2026-08-15T17:30:42Z] watchdog started for /Users/ianx/Projects/prestige-math-library, checking every 60s
[2026-08-15T17:31:42Z] engine not running — starting it
[2026-08-15T17:31:52Z] engine restarted
/Users/ianx/Projects/autopilot/bin/watchdog.sh: line 60:  6889 Killed: 9               nohup node "$AUTOPILOT" start --repo "$REPO" >> "$STATE/autopilot.log" 2>&1
[2026-08-15T17:32:52Z] engine not running — starting it
[2026-08-15T17:33:02Z] engine restarted
/Users/ianx/Projects/autopilot/bin/watchdog.sh: line 60:  8155 Killed: 9               nohup node "$AUTOPILOT" start --repo "$REPO" >> "$STATE/autopilot.log" 2>&1
[2026-08-15T17:52:03Z] engine not running — starting it
[2026-08-15T17:52:14Z] engine restarted
/Users/ianx/Projects/autopilot/bin/watchdog.sh: line 60: 17924 Killed: 9               nohup node "$AUTOPILOT" start --repo "$REPO" >> "$STATE/autopilot.log" 2>&1
[2026-08-15T19:28:23Z] engine not running — starting it
[2026-08-15T19:28:33Z] engine restarted
/Users/ianx/Projects/autopilot/bin/watchdog.sh: line 60: 59223 Killed: 9               nohup node "$AUTOPILOT" start --repo "$REPO" >> "$STATE/autopilot.log" 2>&1
[2026-08-15T19:55:35Z] engine not running — starting it
[2026-08-15T19:55:45Z] engine restarted
/Users/ianx/Projects/autopilot/bin/watchdog.sh: line 60: 73285 Killed: 9               nohup node "$AUTOPILOT" start --repo "$REPO" >> "$STATE/autopilot.log" 2>&1
[2026-08-15T20:34:49Z] engine not running — starting it
[2026-08-15T20:34:59Z] engine restarted
/Users/ianx/Projects/autopilot/bin/watchdog.sh: line 60: 86103 Killed: 9               nohup node "$AUTOPILOT" start --repo "$REPO" >> "$STATE/autopilot.log" 2>&1
[2026-08-15T20:35:59Z] engine not running — starting it
[2026-08-15T20:36:09Z] engine restarted
