# audit-refuter/ex-path-homotopy-through-straight-segments-in-a-convex-set 2026-08-08T08:34:04.817Z

## stdout
VERDICT: CLEAN

BOUNDARY:
- n≥1: both the target and Lemma L1 assume n≥1; the zero‑dimensional case is excluded, no issue.
- n=1: all formulas and the continuity argument remain valid; no special coordinate behaviour.
- degenerate (α=β): H(s,t)=α(s) is trivially a path homotopy rel endpoints.
- singleton C: paths are constant, H is constant, continuity holds, endpoints fixed.
- endpoints: step 1.2 explicitly verifies t=0,1 and s=0,1, matching the relative condition.
- no biconditional, no choice from an asserted non‑empty family; hence those boundary cases are inapplicable.
- the straight‑line combination stays in C by convexity; the continuity proof in L1 holds for any topological space X, in particular for X=I.
- no counterexample found: the construction yields a valid path homotopy relative endpoints under the stated hypotheses.

SOURCES:
- `def-homotopy-relative-and-path-homotopy`: full text inspected; the definition of a path homotopy rel endpoints exactly matches the conditions checked in step 2.1.
- `lem-straight-line-homotopies-are-continuous`: full text inspected; its statement directly licenses the continuity claim in step 1.1 when X=I, f=α, g=β.
- The three external references listed in the target’s frontmatter are not cited in the proof and are not load‑bearing.

CHECKED:
- Title and public claim read.
- Every numbered step (1.1, 1.2, 2.1) read and verified.
- No Remarks section present.

## stderr

