# audit-refuter/def-neighbourhood-r 2026-08-08T08:27:32.883Z

## stdout
```text
VERDICT: CLEAN
```

```text
BOUNDARY: Checked all edge cases and uses of hypotheses:
- ε > 0 required for neighbourhood definition; no zero or negative radius considered.
- Punctured neighbourhood non‑emptiness: x+ε/2 is indeed > x and its distance is ε/2 < ε; positivity of 2 and existence of 1/2 follow from ordered‑field axioms, and the gap is closable in <30s.
- Monotonicity: δ positive, δ ≤ ε, transitivity of inequalities gives the inclusion.
- Nesting: δ > 0, δ ≤ ε−|y−x|, and the triangle inequality is applied exactly as stated in lem-of‑triangle‑inequality; the proof holds for equality δ = ε−|y−x| as well.
- All operations (addition, subtraction, multiplication by 1/2, absolute value) are defined in the ordered field ℝ; no division by zero or use of completeness occurs.
No counterexample or boundary failure was found.
```

```text
SOURCES: Every supplied cited item used by the target was inspected:
`def-real-order`, `def-interval`, `lem-of-abs-value`, `def-complete-ordered-field`,
`def-ordered-field`, `def-abs-value`, `lem-of-triangle-inequality` (the declared
dependencies) as well as `def-real-limit`, `def-sequence`, and `def-limit-point-r`
(referenced in the Remarks). Each source licenses the exact use made of it in the target.
```

```text
CHECKED: The title, the public claim (the definition and all six sub‑statements:
ε‑neighbourhood formula, equivalence to open interval, centre in its own neighbourhood,
punctured neighbourhood non‑empty, monotonicity, nesting), and the three Remarks were read
and verified against the supplied sources. No defect found.
```

## stderr

