# audit-refuter/def-sequences-in-an-ordered-field 2026-08-08T08:30:01.611Z

## stdout
```text
VERDICT: CLEAN
```

```text
BOUNDARY: The definitions are stated for an arbitrary ordered field F; no
completeness or Archimedean hypothesis is assumed.  The uniqueness-of-limits
argument in the Remarks uses only the unordered‑field properties of the
absolute value ([[lem-of-abs-value]]), the triangle inequality
([[lem-of-triangle-inequality]]), and the fact that 2 = 1+1 > 0 in any
ordered field; the argument is valid without further restrictions.  The
example with ℝ((t⁻¹)) in the Remarks correctly illustrates that restricting
ε to the canonical rationals in a non‑Archimedean field changes the meaning
of convergence/Cauchy, and the reasoning is supported by clause 4 of
[[lem-laurent-non-archimedean]] (the constant term is non‑zero at index 0,
so a positive constant exceeds t⁻¹).  All degenerate cases (constant
sequences, eventually zero lengths, intervals with a=b) are handled
consistently by the given definitions.  No counterexample to any claimed
property was found.
```

```text
SOURCES: All twelve supplied cited items were read and checked against the
target’s uses: def‑ordered‑field, def‑abs‑value, lem‑of‑abs‑value,
lem‑of‑triangle‑inequality, def‑natural‑numbers, def‑nat‑order, def‑sequence,
def‑real‑limit, def‑monotone‑sequence, def‑interval, def‑subsequential‑limit,
lem‑laurent‑non‑archimedean.  Each citation is appropriate, and the
statements relied upon (definitions, the triangle inequality, basic absolute
value properties, the non‑Archimedean facts) are faithful to the supplied
sources.
```

```text
CHECKED: The title, the whole body of definitions (sequence, bounded,
convergent, Cauchy, monotonicity, subsequence, subsequential limit, closed
interval, nested intervals, lengths tending to 0), every numbered Remark (the
five Remarks at the end), and the embedded arguments were read and found to
contain no mathematical falsehood, missing hypothesis, or logically invalid
inference.
```

## stderr

