# audit-refuter/thm-perfect-set-uncountable-r 2026-08-08T08:59:53.412Z

## stdout
```text
VERDICT: CLEAN
```

```text
BOUNDARY: The empty set is excluded by the nonempty hypothesis; the proof never
divides by zero and uses positive lengths ℓ_k > 0. The index shift ℓ_j < 1/j for
j ≥ 1 is justified by the recursion starting at 0. The use of
thm-well-ordering-principle is applied only to nonempty subsets of ℕ, which are
shown nonempty in each case. The density of rationals provides witnesses without
any appeal to choice. Degenerate intervals (p = q) do not arise because good
pairs require p < q. The nested-interval property is applied to a family of
nonempty closed bounded intervals with lengths tending to 0, so the intersection
is a single point. No boundary case is mishandled.

SOURCES: All supplied cited items (35) were inspected; in particular the
quotations in the proof contract for L1–L13 match the provided source texts and
license each use. The definitions of perfect set, limit point, open/closed,
interval, countability, rational embedding, well-ordering, recursion, nested
intervals, Archimedean reciprocal, order-arithmetic facts, limits, and absolute
value all support the proof exactly as claimed.

CHECKED: The title, public claim, every numbered proof step (1.1 through 9.1),
and the Remarks were read and verified. No fatal or nonfatal defect was found.
```

## stderr

