# audit-refuter/lem-laurent-valuation 2026-08-08T08:45:08.278Z

## stdout
```text
VERDICT: CLEAN

BOUNDARY: The valuation is defined only for nonzero series; zero is excluded from every
clause that mentions v or lc. The product's leading index p+q is exactly the sum of the
valuations, and the only contributing term is (p,q) because any other pair would involve
an index below the support lower bound. The sum cases are partitioned into
v(f)<v(g) (the lower valuation dominates), v(f)=v(g) with non-cancelling leading
coefficients, and the residual case where cancellation may occur; the general lower
bound v(f+g) ≥ min{v(f),v(g)} is proved directly from support lower bounds. The
negative case preserves valuation because negation is pointwise. No choice,
limiting argument, or hidden division is used. The integers are totally ordered,
so min is well-defined. The proof correctly separates strict inequalities and
endpoint indices, and the possibility f+g=0 is explicitly noted as excluded in
clause 5. All boundary cases (empty support, degenerate cancellation, off-by-one
in the product convolution) are either inapplicable or explicitly checked.

SOURCES: Every cited item used by the target was inspected in its full supplied
text: def-formal-laurent-series, lem-laurent-series-ring, def-field,
thm-reals-ordered-field, thm-int-ordered-ring, def-int-order. L1 matches the
valuation definition; L2 matches the ring lemma (finiteness, vanishing below m+n)
and the operation definitions; L3 matches the field axioms for ℝ; L4 matches the
total order and additive compatibility for ℤ. Each use in the proof is directly
supported by the quoted source.

CHECKED: The title, the public claim (Statement clauses 1–5), every numbered
proof step (1.1–3.1), and the absence of Remarks were read and verified.
```

## stderr

