# audit-refuter/lem-limsup-exists 2026-08-08T08:46:01.323Z

## stdout
```text
VERDICT: CLEAN
BOUNDARY: 
- Claim 1 explicitly allows empty A; the vacuously true "every element of A" step and the resulting $\sup A = -\infty \le \sup B$ are valid.
- Tail ranges $T_n$ are nonempty by construction, so no empty-set issues in claims 2 and 3.
- The index set $\mathbb{N}$ is nonempty, making $\{s_n\},\{i_n\}$ nonempty (though L1 does not require it).
- The proof uses only order properties and completeness; no division, choice, or extended‑real arithmetic is invoked.
- All boundary checks from the proof contract were examined and are consistent.
SOURCES:  
- `def-extended-reals` — inspected; supplies total order with transitivity (L3).
- `def-limsup-liminf` — inspected; defines $T_n,s_n,i_n,\limsup,\liminf$ exactly as used.
- `lem-extended-reals-complete` — inspected; gives L1 (every subset of $\overline{\mathbb{R}}$ has sup and inf).
- `def-upper-bound` / `def-partial-order` — inspected; provide L2 (definitions of upper bound, least upper bound, etc.).
- `def-sequence` — inspected; defines sequences and tail ranges.
- `def-nat-order` / `thm-nat-linear-order` — inspected; give transitivity and totality of $\le$ on $\mathbb{N}$ (L4).
- `def-monotone-sequence` and `lem-sup-monotone` — inspected as referenced in remarks; not load‑bearing for the proof, and the remarks correctly distinguish them.
- `lem-limsup-epsilon-characterisation` — mentioned in a remark; its statement is not needed here.
Every cited fact supports its usage with correct domain, quantifiers, and conclusion.
CHECKED:  
The title, the public statement (claims 1‑3), all numbered proof steps (1.1‑4.1), and the four Remarks were read in full and verified against the supplied sources.
```

## stderr

