# audit-refuter/lem-products-preserve-t0-t1-and-hausdorff 2026-08-08T16:25:19.285Z

## stdout
```text
VERDICT: CLEAN

BOUNDARY:  
- **Empty index set (I=∅):** handled explicitly in step 1.1; the product is a one‑point space, which vacuously satisfies all three separation conditions.  
- **Nonempty I but empty product (some factor empty):** the product is empty, so there are no distinct points; the separation axioms hold vacuously. The proof’s assumption “given … two distinct points” is never satisfied, and the logical implication remains true. No special case is needed.  
- **Singleton product (all factors singletons, or I=∅):** again a one‑point space, trivially T₀, T₁, Hausdorff.  
- **Choice principles:** the step “choose i∈I with xᵢ≠yᵢ” is an existential instantiation from a non‑empty set, not AC. Selecting the separating open sets in the factor is likewise a finite existential instantiation. No use of the Axiom of Choice is required.  
- **Product topology convention:** the target relies on the library’s convention that the product carries the product topology; the preimages πᵢ⁻¹[U] are open by definition of that topology. No box‑topology subtleties arise.  

SOURCES:  
All four declared dependencies were supplied in full and inspected:  
- `def-product-topology` – defines the product set, projections, product topology (including subbasis) and the empty product.  
- `thm-product-universal-property` – states continuity of projections (used implicitly for openness of preimages).  
- `def-t0-and-t1-spaces` – gives the exact T₀ and T₁ conditions used in the proof.  
- `def-hausdorff-space` – gives the exact Hausdorff condition used in the proof.  
Each cited fact is directly supported by the quoted passages.  

CHECKED:  
The title, the public statement (including the three separate preservation claims and the remark about the empty product), the Facts & Assumptions section, all five numbered proof steps (1.1, 1.2, 1.3, 1.4, 2.1), and the (absent) Remarks were read. No mathematical defects were found.
```

## stderr

