# audit-refuter/thm-stolz-cesaro 2026-08-08T16:53:39.385Z

## stdout
```text
VERDICT: CLEAN
BOUNDARY:
  Zero-denominator and positivity: step 1.1 proves $b_k>0$ for all $k\ge K_0$,
  so every quotient formed later is defined and the reciprocal lemma L7 is
  applied only to the strictly positive tail $j\mapsto b_{j+K_0}$.
  Division by $b_n$ in steps 3.1‑4.1 is therefore always by a positive real;
  division by $b_{k+1}-b_k$ in step 1.2 is safe because strict increase
  guarantees $b_{k+1}-b_k>0$.
  Index shift $k\mapsto j+K_0$ is legitimate and the threshold
  $N-K_0$ in step 4.1 is a natural number because $N\ge K\ge K_0$.
  Choices of indices in steps 2.2 and 4.1 are single existential instantiations
  from the definition of convergence; no countable or higher choice is required.
  No empty, degenerate, or endpoint cases violate the logic.
  The statement is not a biconditional, so no reverse direction is claimed.
SOURCES:
  All 24 supplied cited items (definitions, lemmas, theorems, and the
  counterexample `cex-stolz-cesaro-converse-fails`) were inspected. Every
  citation used in the proof matches the stated source; the sources contain the
  exact properties required.
CHECKED:
  The title, the full public Statement, every numbered proof step, the
  Facts & Assumptions, and all Remarks were read and verified against the
  supplied text and the cited items. No mathematical inaccuracy, missing
  hypothesis, or invalid inference was found.
```

## stderr

