# audit-refuter/a6-retry99-lem-point-filters-are-dense-in-the-minimal-cauchy-filter-space 2026-08-08T18:22:08.060Z

## stdout
```text
VERDICT: CLEAN
BOUNDARY: Verified the empty uniform space (X = ∅ ⇒ X̂ = ∅, the universal
claims hold vacuously), the trivial (indiscrete) uniformity, the discrete
uniformity, and a non‑separated two‑point example.  The proof’s choices
(a ∈ A, symmetric D with controlled powers) are always available because
filters are proper and symmetric entourages form a base.  The two places
where the text writes “Ê … ⊆ E” without first naming E are standard
expository shorthand – in each case Ê is a basic entourage of X̂ coming
from a symmetric E on X, which is legitimate because the uniformity on X̂
is generated by such Ê.  The gap is closable within a few seconds and does
not affect mathematical correctness.
SOURCES: All six supplied items cited by the target (the five listed in
deps plus the definition of uniform continuity) were opened and read in
full.  Their statements and proofs support the uses made in the target.
CHECKED: The title, the public claim, every numbered step (1.1, 1.2, 2.1,
3.1), and the absence of a Remarks section were read and verified.
```

## stderr

