# audit-refuter/thm-countably-based-uniformity-is-pseudometrizable 2026-08-08T16:43:30.268Z

## stdout
```text
VERDICT: CLEAN
```

```text
BOUNDARY: The empty-set case is either excluded by the library's proper-filter
convention or the proof holds vacuously with the trivial pseudometric.  The
construction requires the normal sequence to start with $E_0 = X \times X$;
this is not explicitly stated in [L1] but can be enforced by prepending
$X \times X$ (always an entourage) without breaking decreasingness or the
triple-composite condition — a routine adjustment closable within seconds.
All other boundary checks (zero, one, degenerate, endpoints) are either
inapplicable or verified by the sandwich inequalities and the pseudometric
axioms.
SOURCES: Inspected the full text of def-metric-space,
def-separated-uniform-space, lem-countable-uniform-base-normalisation,
lem-metric-uniformity-dictionary, lem-pseudometric-from-a-normal-entourage-sequence.
CHECKED: Read the title, the public claim, every numbered proof step (1.1–4.1),
and the Remarks (none present).
```

## stderr

