# audit-refuter/a6-retry99-lem-lower-limit-line-is-regular-and-lindelof 2026-08-08T18:22:07.869Z

## stdout
VERDICT: CLEAN

BOUNDARY:  
- Checked the extreme case where the open cover \(\mathcal U\) is the whole space \(\{\mathbb R\}\); then \(O=\mathbb R\), \(D=\varnothing\), and the rational‑endpoint intervals collected in step 1.2 already provide a countable subcover (after the single choice in step 2.1).  
- Checked \(D\) being a singleton or finite; the injection into \(\mathbb Q\) and the disjointness argument for \((x,q_x)\) remain valid.  
- Verified the key inequality \(b_x\le y\) for \(x<y\) in \(D\): if \(b_x>y\) then \(y\in O\) contradicts \(y\in D\), so pairwise disjointness of \((x,q_x)\) follows.  
- Confirmed that the definition of \(O\) as the union of \((a,b)\) with \([a,b)\) *contained in* a member of \(\mathcal U\) (the phrase “lies in” meaning “is a subset of”) is consistent with the standard proof and is disambiguated in step 1.2.  
- The rational‑endpoint covering of \(O\) does not require \(\mathcal U\) to consist of basic opens; it uses the basis property to shrink any covering element.  
- The use of a fixed enumeration of \(\mathbb Q\) to pick the first rational in an interval is a single, choice‑free existential instantiation.  

SOURCES:  
All six cited items supplied in the dispatch were inspected:  
- `def-compactness-variants` (Lindelöf definition)  
- `def-countable-choice` (AC\(_\omega\))  
- `def-lower-limit-topology` (basis)  
- `lem-rat-embeds-dense` (density of \(\mathbb Q\))  
- `lem-regularity-via-closed-neighbourhoods` (regularity \(\iff\) closed neighbourhood base)  
- `thm-rationals-countable` (\(\mathbb Q\) countable)  

Each source licenses the exact use made in the target; no mismatch of domain, quantifiers, hypotheses, or conclusion was found.  

CHECKED:  
The title, the public Statement, every numbered step (1.1, 1.2, 1.3, 2.1, 3.1), and the absence of Remarks were read and verified.

## stderr

