# audit-refuter/thm-a-function-is-a-bijection-exactly-when-it-has-a-two-sided-inverse 2026-08-06T11:07:45.313Z

## stdout
```
VERDICT: CLEAN
```

```
BOUNDARY:
  A=∅,B=∅: f is a bijection, g=∅ works, f⁻¹=∅, uniqueness and bijectivity hold.
  A=∅,B≠∅: f is not surjective → not a bijection; no g:B→A exists → iff holds.
  A≠∅,B=∅: no function f:A→B exists, premise empty.
  Singletons (A={a},B={b}): f is a bijection, g={ (b,a) } works, equals f⁻¹.
  Injective but not surjective: f⁻¹ is a function but not B→A; no two‑sided inverse exists.
  Surjective but not injective: f⁻¹ is not a function; no two‑sided inverse exists.
  All above consistent with the theorem; no boundary counterexample found.

CHECKED:
  Read every numbered step (1.1–4.1) and every cited fact (L1–L10) against the
  full text of the dependencies.  All L‑facts are faithful to their sources;
  each step is mathematically licensed by the facts it cites; the proof
  delivers exactly what the Statement asserts.
```

## stderr

