{
  "summary": {
    "items": 26566,
    "published": 25966,
    "pages": 1717,
    "errors": 0,
    "warnings": 1,
    "scope": "focused-items",
    "item_checks": [
      "cex-unsymmetrized-q-parameters-break-the-cartan-normalization",
      "def-bialgebra-counit-and-antipode",
      "def-drinfeld-jimbo-quantized-enveloping-algebra",
      "def-formal-quantum-shuffle-borel-for-a-symmetrizable-cartan-datum",
      "def-lie-bialgebra-and-root-graded-manin-triple",
      "def-positive-negative-and-toral-quantum-subalgebras",
      "def-quantum-integers-factorials-and-divided-powers-at-q-i",
      "def-symmetrizable-cartan-datum-for-a-quantum-group",
      "ex-quantized-sl-two-relations-coproduct-and-antipode",
      "ex-quantum-serre-calculation-in-type-a-two",
      "ex-the-double-edge-quantum-serre-relation-for-affine-a-one",
      "lem-a-two-sided-coideal-in-an-enveloping-algebra-is-generated-by-its-primitive-part",
      "lem-an-antipode-is-unique",
      "lem-coproduct-preserves-the-positive-and-negative-quantum-serre-ideals",
      "lem-nonsingular-principal-minor-of-the-symmetrized-cartan-matrix",
      "lem-opposite-symmetrizable-kac-moody-borels-are-root-degreewise-dual-lie-bialgebras",
      "lem-q-binomial-expansion-for-q-commuting-elements",
      "lem-quantum-pascal-recurrence-and-gaussian-integrality",
      "lem-quantum-serre-relations-are-stable-under-the-chevalley-involutions",
      "lem-quantum-serre-sums-vanish-in-the-formal-quantum-shuffle-algebra",
      "lem-the-generic-borel-half-and-opposite-half-form-a-dj-crossed-double",
      "thm-generic-quantum-serre-halves-have-classical-pbw-ranks-and-a-nondegenerate-hopf-pairing",
      "thm-quantized-sl-two-string-formulas",
      "thm-root-graded-manin-triple-gives-dual-lie-bialgebras",
      "thm-the-drinfeld-jimbo-formulas-define-a-hopf-algebra",
      "thm-the-formal-quantum-serre-half-embeds-in-the-quantum-shuffle-algebra-and-is-degreewise-free",
      "thm-triangular-decomposition-of-a-quantized-enveloping-algebra"
    ],
    "page_checks": [
      "quantized-enveloping-algebras-and-quantum-serre-relations",
      "quantized-enveloping-algebras-and-quantum-serre-relations-examples"
    ],
    "prerequisite_item_cycle_checks": 529,
    "dependency_closure_items": 529,
    "dependency_closure_pages": 276,
    "prerequisite_page_cycle_checks": 276
  },
  "errors": [],
  "warns": [
    {
      "code": "cited-not-in-deps",
      "msg": "items/def-positive-negative-and-toral-quantum-subalgebras.md: cites \"thm-triangular-decomposition-of-a-quantized-enveloping-algebra\" in Statement/Facts but it is not in deps"
    }
  ]
}
