{
  "summary": {
    "files": 12,
    "checked": 11,
    "failed": 0
  },
  "results": [
    {
      "file": "items/def-lie-bialgebra-and-root-graded-manin-triple.md",
      "item_id": "def-lie-bialgebra-and-root-graded-manin-triple",
      "status": "not-applicable"
    },
    {
      "file": "items/thm-root-graded-manin-triple-gives-dual-lie-bialgebras.md",
      "item_id": "thm-root-graded-manin-triple-gives-dual-lie-bialgebras",
      "status": "pass",
      "strategy": "direct"
    },
    {
      "file": "items/lem-opposite-symmetrizable-kac-moody-borels-are-root-degreewise-dual-lie-bialgebras.md",
      "item_id": "lem-opposite-symmetrizable-kac-moody-borels-are-root-degreewise-dual-lie-bialgebras",
      "status": "pass",
      "strategy": "direct"
    },
    {
      "file": "items/def-formal-quantum-shuffle-borel-for-a-symmetrizable-cartan-datum.md",
      "item_id": "def-formal-quantum-shuffle-borel-for-a-symmetrizable-cartan-datum",
      "status": "pass",
      "strategy": "direct"
    },
    {
      "file": "items/lem-quantum-serre-sums-vanish-in-the-formal-quantum-shuffle-algebra.md",
      "item_id": "lem-quantum-serre-sums-vanish-in-the-formal-quantum-shuffle-algebra",
      "status": "pass",
      "strategy": "direct"
    },
    {
      "file": "items/thm-the-formal-quantum-serre-half-embeds-in-the-quantum-shuffle-algebra-and-is-degreewise-free.md",
      "item_id": "thm-the-formal-quantum-serre-half-embeds-in-the-quantum-shuffle-algebra-and-is-degreewise-free",
      "status": "pass",
      "strategy": "direct"
    },
    {
      "file": "items/thm-generic-quantum-serre-halves-have-classical-pbw-ranks-and-a-nondegenerate-hopf-pairing.md",
      "item_id": "thm-generic-quantum-serre-halves-have-classical-pbw-ranks-and-a-nondegenerate-hopf-pairing",
      "status": "pass",
      "strategy": "direct"
    },
    {
      "file": "items/lem-the-generic-borel-half-and-opposite-half-form-a-dj-crossed-double.md",
      "item_id": "lem-the-generic-borel-half-and-opposite-half-form-a-dj-crossed-double",
      "status": "pass",
      "strategy": "direct"
    },
    {
      "file": "items/thm-triangular-decomposition-of-a-quantized-enveloping-algebra.md",
      "item_id": "thm-triangular-decomposition-of-a-quantized-enveloping-algebra",
      "status": "pass",
      "strategy": "direct"
    },
    {
      "file": "items/thm-quantized-sl-two-string-formulas.md",
      "item_id": "thm-quantized-sl-two-string-formulas",
      "status": "pass",
      "strategy": "direct"
    },
    {
      "file": "items/ex-quantized-sl-two-relations-coproduct-and-antipode.md",
      "item_id": "ex-quantized-sl-two-relations-coproduct-and-antipode",
      "status": "pass",
      "strategy": "direct"
    },
    {
      "file": "items/cex-unsymmetrized-q-parameters-break-the-cartan-normalization.md",
      "item_id": "cex-unsymmetrized-q-parameters-break-the-cartan-normalization",
      "status": "pass",
      "strategy": "direct"
    }
  ]
}
